STM32F103xx_DMA_driver.c:27:6:DMA_enuConfigurationSetup	24	static
STM32F103xx_DMA_driver.c:147:6:DMA_enuEnable	24	static
STM32F103xx_DMA_driver.c:174:6:DMA_enuDisable	24	static
STM32F103xx_DMA_driver.c:197:6:DMA_enuInterruptEnable	24	static
STM32F103xx_DMA_driver.c:222:6:DMA_enuSetAddress	32	static
STM32F103xx_DMA_driver.c:245:13:DMA_SvidClearFlag	16	static
STM32F103xx_DMA_driver.c:258:6:DMA_enuReadFlag	24	static
STM32F103xx_DMA_driver.c:280:6:DMA_VidSetCallBackChannel1	16	static
STM32F103xx_DMA_driver.c:289:6:DMA1_Channel1_IRQHandler	8	static
