Archive member included to satisfy reference by file (symbol)

c:/st/stm32cubeide_1.4.0/stm32cubeide/plugins/com.st.stm32cube.ide.mcu.externaltools.gnu-tools-for-stm32.7-2018-q2-update.win32_1.4.0.202007081208/tools/bin/../lib/gcc/arm-none-eabi/7.3.1/../../../../arm-none-eabi/lib/thumb/v7-m\libc_nano.a(lib_a-exit.o)
                              c:/st/stm32cubeide_1.4.0/stm32cubeide/plugins/com.st.stm32cube.ide.mcu.externaltools.gnu-tools-for-stm32.7-2018-q2-update.win32_1.4.0.202007081208/tools/bin/../lib/gcc/arm-none-eabi/7.3.1/../../../../arm-none-eabi/lib/thumb/v7-m/crt0.o (exit)
c:/st/stm32cubeide_1.4.0/stm32cubeide/plugins/com.st.stm32cube.ide.mcu.externaltools.gnu-tools-for-stm32.7-2018-q2-update.win32_1.4.0.202007081208/tools/bin/../lib/gcc/arm-none-eabi/7.3.1/../../../../arm-none-eabi/lib/thumb/v7-m\libc_nano.a(lib_a-impure.o)
                              c:/st/stm32cubeide_1.4.0/stm32cubeide/plugins/com.st.stm32cube.ide.mcu.externaltools.gnu-tools-for-stm32.7-2018-q2-update.win32_1.4.0.202007081208/tools/bin/../lib/gcc/arm-none-eabi/7.3.1/../../../../arm-none-eabi/lib/thumb/v7-m\libc_nano.a(lib_a-exit.o) (_global_impure_ptr)
c:/st/stm32cubeide_1.4.0/stm32cubeide/plugins/com.st.stm32cube.ide.mcu.externaltools.gnu-tools-for-stm32.7-2018-q2-update.win32_1.4.0.202007081208/tools/bin/../lib/gcc/arm-none-eabi/7.3.1/../../../../arm-none-eabi/lib/thumb/v7-m\libc_nano.a(lib_a-init.o)
                              c:/st/stm32cubeide_1.4.0/stm32cubeide/plugins/com.st.stm32cube.ide.mcu.externaltools.gnu-tools-for-stm32.7-2018-q2-update.win32_1.4.0.202007081208/tools/bin/../lib/gcc/arm-none-eabi/7.3.1/../../../../arm-none-eabi/lib/thumb/v7-m/crt0.o (__libc_init_array)
c:/st/stm32cubeide_1.4.0/stm32cubeide/plugins/com.st.stm32cube.ide.mcu.externaltools.gnu-tools-for-stm32.7-2018-q2-update.win32_1.4.0.202007081208/tools/bin/../lib/gcc/arm-none-eabi/7.3.1/../../../../arm-none-eabi/lib/thumb/v7-m\libc_nano.a(lib_a-memset.o)
                              c:/st/stm32cubeide_1.4.0/stm32cubeide/plugins/com.st.stm32cube.ide.mcu.externaltools.gnu-tools-for-stm32.7-2018-q2-update.win32_1.4.0.202007081208/tools/bin/../lib/gcc/arm-none-eabi/7.3.1/../../../../arm-none-eabi/lib/thumb/v7-m/crt0.o (memset)
c:/st/stm32cubeide_1.4.0/stm32cubeide/plugins/com.st.stm32cube.ide.mcu.externaltools.gnu-tools-for-stm32.7-2018-q2-update.win32_1.4.0.202007081208/tools/bin/../lib/gcc/arm-none-eabi/7.3.1/../../../../arm-none-eabi/lib/thumb/v7-m\libnosys.a(_exit.o)
                              c:/st/stm32cubeide_1.4.0/stm32cubeide/plugins/com.st.stm32cube.ide.mcu.externaltools.gnu-tools-for-stm32.7-2018-q2-update.win32_1.4.0.202007081208/tools/bin/../lib/gcc/arm-none-eabi/7.3.1/../../../../arm-none-eabi/lib/thumb/v7-m\libc_nano.a(lib_a-exit.o) (_exit)

Allocating common symbols
Common symbol       size              file

DMA_CallBackChannel1
                    0x4               STM32F103c8_Drivers/MCAL/src/STM32F103xx_DMA_driver.o
STK_VPtrFun         0x4               STM32F103c8_Drivers/MCAL/src/STM32f103xx_SysTick_driver.o

Discarded input sections

 .text          0x0000000000000000        0x0 c:/st/stm32cubeide_1.4.0/stm32cubeide/plugins/com.st.stm32cube.ide.mcu.externaltools.gnu-tools-for-stm32.7-2018-q2-update.win32_1.4.0.202007081208/tools/bin/../lib/gcc/arm-none-eabi/7.3.1/thumb/v7-m/crti.o
 .data          0x0000000000000000        0x0 c:/st/stm32cubeide_1.4.0/stm32cubeide/plugins/com.st.stm32cube.ide.mcu.externaltools.gnu-tools-for-stm32.7-2018-q2-update.win32_1.4.0.202007081208/tools/bin/../lib/gcc/arm-none-eabi/7.3.1/thumb/v7-m/crti.o
 .bss           0x0000000000000000        0x0 c:/st/stm32cubeide_1.4.0/stm32cubeide/plugins/com.st.stm32cube.ide.mcu.externaltools.gnu-tools-for-stm32.7-2018-q2-update.win32_1.4.0.202007081208/tools/bin/../lib/gcc/arm-none-eabi/7.3.1/thumb/v7-m/crti.o
 .data          0x0000000000000000        0x4 c:/st/stm32cubeide_1.4.0/stm32cubeide/plugins/com.st.stm32cube.ide.mcu.externaltools.gnu-tools-for-stm32.7-2018-q2-update.win32_1.4.0.202007081208/tools/bin/../lib/gcc/arm-none-eabi/7.3.1/thumb/v7-m/crtbegin.o
 .text          0x0000000000000000       0x74 c:/st/stm32cubeide_1.4.0/stm32cubeide/plugins/com.st.stm32cube.ide.mcu.externaltools.gnu-tools-for-stm32.7-2018-q2-update.win32_1.4.0.202007081208/tools/bin/../lib/gcc/arm-none-eabi/7.3.1/../../../../arm-none-eabi/lib/thumb/v7-m/crt0.o
 .data          0x0000000000000000        0x0 c:/st/stm32cubeide_1.4.0/stm32cubeide/plugins/com.st.stm32cube.ide.mcu.externaltools.gnu-tools-for-stm32.7-2018-q2-update.win32_1.4.0.202007081208/tools/bin/../lib/gcc/arm-none-eabi/7.3.1/../../../../arm-none-eabi/lib/thumb/v7-m/crt0.o
 .bss           0x0000000000000000        0x0 c:/st/stm32cubeide_1.4.0/stm32cubeide/plugins/com.st.stm32cube.ide.mcu.externaltools.gnu-tools-for-stm32.7-2018-q2-update.win32_1.4.0.202007081208/tools/bin/../lib/gcc/arm-none-eabi/7.3.1/../../../../arm-none-eabi/lib/thumb/v7-m/crt0.o
[...]
Memory Configuration

Name             Origin             Length             Attributes
RAM              0x0000000020000000 0x0000000000002800 xrw
ROM              0x0000000008000000 0x0000000000008000 xr
*default*        0x0000000000000000 0xffffffffffffffff

Linker script and memory map

LOAD c:/st/stm32cubeide_1.4.0/stm32cubeide/plugins/com.st.stm32cube.ide.mcu.externaltools.gnu-tools-for-stm32.7-2018-q2-update.win32_1.4.0.202007081208/tools/bin/../lib/gcc/arm-none-eabi/7.3.1/thumb/v7-m/crti.o
LOAD c:/st/stm32cubeide_1.4.0/stm32cubeide/plugins/com.st.stm32cube.ide.mcu.externaltools.gnu-tools-for-stm32.7-2018-q2-update.win32_1.4.0.202007081208/tools/bin/../lib/gcc/arm-none-eabi/7.3.1/thumb/v7-m/crtbegin.o
LOAD c:/st/stm32cubeide_1.4.0/stm32cubeide/plugins/com.st.stm32cube.ide.mcu.externaltools.gnu-tools-for-stm32.7-2018-q2-update.win32_1.4.0.202007081208/tools/bin/../lib/gcc/arm-none-eabi/7.3.1/../../../../arm-none-eabi/lib/thumb/v7-m/crt0.o
LOAD STM32F103c8_Drivers/HAL/src/LED_MAX.o
LOAD STM32F103c8_Drivers/HAL/src/STP_74HC595.o
LOAD STM32F103c8_Drivers/MCAL/src/STM32F103xx_DMA_driver.o
LOAD STM32F103c8_Drivers/MCAL/src/STM32f103xx_EXTI_driver.o
LOAD STM32F103c8_Drivers/MCAL/src/STM32f103xx_GPIO_driver.o
LOAD STM32F103c8_Drivers/MCAL/src/STM32f103xx_NVIC_driver.o
LOAD STM32F103c8_Drivers/MCAL/src/STM32f103xx_RCC_driver.o
LOAD STM32F103c8_Drivers/MCAL/src/STM32f103xx_SysTick_driver.o
LOAD Src/DAC_Test.o
LOAD Src/DMA_Test1.o
LOAD Src/EXTI_Test.o
LOAD Src/STP_Example.o
LOAD Src/SysTick_Test.o
LOAD Src/TestLEDMRX.o
LOAD Src/Toggle_led.o
LOAD Startup/startup_stm32f103c6tx.o
START GROUP
LOAD c:/st/stm32cubeide_1.4.0/stm32cubeide/plugins/com.st.stm32cube.ide.mcu.externaltools.gnu-tools-for-stm32.7-2018-q2-update.win32_1.4.0.202007081208/tools/bin/../lib/gcc/arm-none-eabi/7.3.1/../../../../arm-none-eabi/lib/thumb/v7-m\libc_nano.a
LOAD c:/st/stm32cubeide_1.4.0/stm32cubeide/plugins/com.st.stm32cube.ide.mcu.externaltools.gnu-tools-for-stm32.7-2018-q2-update.win32_1.4.0.202007081208/tools/bin/../lib/gcc/arm-none-eabi/7.3.1/../../../../arm-none-eabi/lib/thumb/v7-m\libm.a
END GROUP
START GROUP
LOAD c:/st/stm32cubeide_1.4.0/stm32cubeide/plugins/com.st.stm32cube.ide.mcu.externaltools.gnu-tools-for-stm32.7-2018-q2-update.win32_1.4.0.202007081208/tools/bin/../lib/gcc/arm-none-eabi/7.3.1/thumb/v7-m\libgcc.a
LOAD c:/st/stm32cubeide_1.4.0/stm32cubeide/plugins/com.st.stm32cube.ide.mcu.externaltools.gnu-tools-for-stm32.7-2018-q2-update.win32_1.4.0.202007081208/tools/bin/../lib/gcc/arm-none-eabi/7.3.1/../../../../arm-none-eabi/lib/thumb/v7-m\libg_nano.a
LOAD c:/st/stm32cubeide_1.4.0/stm32cubeide/plugins/com.st.stm32cube.ide.mcu.externaltools.gnu-tools-for-stm32.7-2018-q2-update.win32_1.4.0.202007081208/tools/bin/../lib/gcc/arm-none-eabi/7.3.1/../../../../arm-none-eabi/lib/thumb/v7-m\libc_nano.a
END GROUP
START GROUP
LOAD c:/st/stm32cubeide_1.4.0/stm32cubeide/plugins/com.st.stm32cube.ide.mcu.externaltools.gnu-tools-for-stm32.7-2018-q2-update.win32_1.4.0.202007081208/tools/bin/../lib/gcc/arm-none-eabi/7.3.1/thumb/v7-m\libgcc.a
LOAD c:/st/stm32cubeide_1.4.0/stm32cubeide/plugins/com.st.stm32cube.ide.mcu.externaltools.gnu-tools-for-stm32.7-2018-q2-update.win32_1.4.0.202007081208/tools/bin/../lib/gcc/arm-none-eabi/7.3.1/../../../../arm-none-eabi/lib/thumb/v7-m\libc_nano.a
LOAD c:/st/stm32cubeide_1.4.0/stm32cubeide/plugins/com.st.stm32cube.ide.mcu.externaltools.gnu-tools-for-stm32.7-2018-q2-update.win32_1.4.0.202007081208/tools/bin/../lib/gcc/arm-none-eabi/7.3.1/../../../../arm-none-eabi/lib/thumb/v7-m\libnosys.a
END GROUP
START GROUP
LOAD c:/st/stm32cubeide_1.4.0/stm32cubeide/plugins/com.st.stm32cube.ide.mcu.externaltools.gnu-tools-for-stm32.7-2018-q2-update.win32_1.4.0.202007081208/tools/bin/../lib/gcc/arm-none-eabi/7.3.1/thumb/v7-m\libgcc.a
LOAD c:/st/stm32cubeide_1.4.0/stm32cubeide/plugins/com.st.stm32cube.ide.mcu.externaltools.gnu-tools-for-stm32.7-2018-q2-update.win32_1.4.0.202007081208/tools/bin/../lib/gcc/arm-none-eabi/7.3.1/../../../../arm-none-eabi/lib/thumb/v7-m\libc_nano.a
LOAD c:/st/stm32cubeide_1.4.0/stm32cubeide/plugins/com.st.stm32cube.ide.mcu.externaltools.gnu-tools-for-stm32.7-2018-q2-update.win32_1.4.0.202007081208/tools/bin/../lib/gcc/arm-none-eabi/7.3.1/../../../../arm-none-eabi/lib/thumb/v7-m\libnosys.a
END GROUP
LOAD c:/st/stm32cubeide_1.4.0/stm32cubeide/plugins/com.st.stm32cube.ide.mcu.externaltools.gnu-tools-for-stm32.7-2018-q2-update.win32_1.4.0.202007081208/tools/bin/../lib/gcc/arm-none-eabi/7.3.1/thumb/v7-m/crtend.o
LOAD c:/st/stm32cubeide_1.4.0/stm32cubeide/plugins/com.st.stm32cube.ide.mcu.externaltools.gnu-tools-for-stm32.7-2018-q2-update.win32_1.4.0.202007081208/tools/bin/../lib/gcc/arm-none-eabi/7.3.1/thumb/v7-m/crtn.o
                0x0000000020002800                _estack = (ORIGIN (RAM) + LENGTH (RAM))
                0x0000000000000200                _Min_Heap_Size = 0x200
                0x0000000000000400                _Min_Stack_Size = 0x400

.isr_vector     0x0000000008000000      0x130
                0x0000000008000000                . = ALIGN (0x4)
 *(.isr_vector)
 .isr_vector    0x0000000008000000      0x130 Startup/startup_stm32f103c6tx.o
                0x0000000008000000                g_pfnVectors
                0x0000000008000130                . = ALIGN (0x4)

.text           0x0000000008000130      0xce0
                0x0000000008000130                . = ALIGN (0x4)
 *(.text)
 .text          0x0000000008000130       0x40 c:/st/stm32cubeide_1.4.0/stm32cubeide/plugins/com.st.stm32cube.ide.mcu.externaltools.gnu-tools-for-stm32.7-2018-q2-update.win32_1.4.0.202007081208/tools/bin/../lib/gcc/arm-none-eabi/7.3.1/thumb/v7-m/crtbegin.o
 *(.text*)
 .text.DMA_enuConfigurationSetup
                0x0000000008000170      0x668 STM32F103c8_Drivers/MCAL/src/STM32F103xx_DMA_driver.o
                0x0000000008000170                DMA_enuConfigurationSetup
 .text.DMA_enuEnable
                0x00000000080007d8       0x80 STM32F103c8_Drivers/MCAL/src/STM32F103xx_DMA_driver.o
                0x00000000080007d8                DMA_enuEnable
 .text.DMA_enuInterruptEnable
                0x0000000008000858       0x68 STM32F103c8_Drivers/MCAL/src/STM32F103xx_DMA_driver.o
                0x0000000008000858                DMA_enuInterruptEnable
 .text.DMA_enuSetAddress
                0x00000000080008c0       0xac STM32F103c8_Drivers/MCAL/src/STM32F103xx_DMA_driver.o
                0x00000000080008c0                DMA_enuSetAddress
 .text.DMA_SvidClearFlag
                0x000000000800096c       0x40 STM32F103c8_Drivers/MCAL/src/STM32F103xx_DMA_driver.o
 .text.DMA1_Channel1_IRQHandler
                0x00000000080009ac       0x24 STM32F103c8_Drivers/MCAL/src/STM32F103xx_DMA_driver.o
                0x00000000080009ac                DMA1_Channel1_IRQHandler
 .text.EXTI0_IRQHandler
                0x00000000080009d0       0x24 STM32F103c8_Drivers/MCAL/src/STM32f103xx_EXTI_driver.o
                0x00000000080009d0                EXTI0_IRQHandler
 .text.EXTI1_IRQHandler
                0x00000000080009f4       0x24 STM32F103c8_Drivers/MCAL/src/STM32f103xx_EXTI_driver.o
                0x00000000080009f4                EXTI1_IRQHandler
 .text.EXTI2_IRQHandler
                0x0000000008000a18       0x24 STM32F103c8_Drivers/MCAL/src/STM32f103xx_EXTI_driver.o
                0x0000000008000a18                EXTI2_IRQHandler
 .text.EXTI3_IRQHandler
                0x0000000008000a3c       0x24 STM32F103c8_Drivers/MCAL/src/STM32f103xx_EXTI_driver.o
                0x0000000008000a3c                EXTI3_IRQHandler
 .text.EXTI4_IRQHandler
                0x0000000008000a60       0x24 STM32F103c8_Drivers/MCAL/src/STM32f103xx_EXTI_driver.o
                0x0000000008000a60                EXTI4_IRQHandler
 .text.MNVIC_enuEnableInterrupt
                0x0000000008000a84       0x46 STM32F103c8_Drivers/MCAL/src/STM32f103xx_NVIC_driver.o
                0x0000000008000a84                MNVIC_enuEnableInterrupt
 *fill*         0x0000000008000aca        0x2 
 .text.RCC_enuInitConfig
                0x0000000008000acc       0x54 STM32F103c8_Drivers/MCAL/src/STM32f103xx_RCC_driver.o
                0x0000000008000acc                RCC_enuInitConfig
 .text.SysTick_Handler
                0x0000000008000b20       0x44 STM32F103c8_Drivers/MCAL/src/STM32f103xx_SysTick_driver.o
                0x0000000008000b20                SysTick_Handler
 .text.main     0x0000000008000b64      0x1e8 Src/DMA_Test1.o
                0x0000000008000b64                main
 .text.Reset_Handler
                0x0000000008000d4c       0x50 Startup/startup_stm32f103c6tx.o
                0x0000000008000d4c                Reset_Handler
 .text.Default_Handler
                0x0000000008000d9c        0x2 Startup/startup_stm32f103c6tx.o
                0x0000000008000d9c                TIM8_TRG_COM_IRQHandler
                0x0000000008000d9c                TIM8_CC_IRQHandler
                0x0000000008000d9c                DebugMon_Handler
                0x0000000008000d9c                TIM1_CC_IRQHandler
                0x0000000008000d9c                HardFault_Handler
                0x0000000008000d9c                TIM6_IRQHandler
                0x0000000008000d9c                PVD_IRQHandler
                0x0000000008000d9c                SDIO_IRQHandler
                0x0000000008000d9c                PendSV_Handler
                0x0000000008000d9c                NMI_Handler
                0x0000000008000d9c                USB_HP_CAN_TX_IRQHandler
                0x0000000008000d9c                I2C2_EV_IRQHandler
                0x0000000008000d9c                UsageFault_Handler
                0x0000000008000d9c                ADC1_2_IRQHandler
                0x0000000008000d9c                SPI1_IRQHandler
                0x0000000008000d9c                CAN_SCE_IRQHandler
                0x0000000008000d9c                TAMPER_IRQHandler
                0x0000000008000d9c                TIM8_UP_IRQHandler
                0x0000000008000d9c                DMA2_Channel2_IRQHandler
                0x0000000008000d9c                DMA1_Channel4_IRQHandler
                0x0000000008000d9c                USART3_IRQHandler
                0x0000000008000d9c                RTC_IRQHandler
                0x0000000008000d9c                DMA1_Channel7_IRQHandler
                0x0000000008000d9c                UART5_IRQHandler
                0x0000000008000d9c                ADC3_IRQHandler
                0x0000000008000d9c                TIM4_IRQHandler
                0x0000000008000d9c                CAN_RX1_IRQHandler
                0x0000000008000d9c                DMA2_Channel1_IRQHandler
                0x0000000008000d9c                I2C1_EV_IRQHandler
                0x0000000008000d9c                DMA1_Channel6_IRQHandler
                0x0000000008000d9c                UART4_IRQHandler
                0x0000000008000d9c                TIM3_IRQHandler
                0x0000000008000d9c                RCC_IRQHandler
                0x0000000008000d9c                TIM1_TRG_COM_IRQHandler
                0x0000000008000d9c                Default_Handler
                0x0000000008000d9c                EXTI15_10_IRQHandler
                0x0000000008000d9c                TIM7_IRQHandler
                0x0000000008000d9c                TIM5_IRQHandler
                0x0000000008000d9c                EXTI9_5_IRQHandler
                0x0000000008000d9c                SPI2_IRQHandler
                0x0000000008000d9c                USB_LP_CAN_RX0_IRQHandler
                0x0000000008000d9c                MemManage_Handler
                0x0000000008000d9c                SVC_Handler
                0x0000000008000d9c                DMA1_Channel5_IRQHandler
                0x0000000008000d9c                DMA1_Channel3_IRQHandler
                0x0000000008000d9c                FSMC_IRQHandler
                0x0000000008000d9c                TIM1_UP_IRQHandler
                0x0000000008000d9c                WWDG_IRQHandler
                0x0000000008000d9c                TIM2_IRQHandler
                0x0000000008000d9c                TIM1_BRK_IRQHandler
                0x0000000008000d9c                RTCAlarm_IRQHandler
                0x0000000008000d9c                DMA2_Channel4_5_IRQHandler
                0x0000000008000d9c                USART2_IRQHandler
                0x0000000008000d9c                I2C2_ER_IRQHandler
                0x0000000008000d9c                DMA1_Channel2_IRQHandler
                0x0000000008000d9c                TIM8_BRK_IRQHandler
                0x0000000008000d9c                FLASH_IRQHandler
                0x0000000008000d9c                BusFault_Handler
                0x0000000008000d9c                USART1_IRQHandler
                0x0000000008000d9c                SPI3_IRQHandler
                0x0000000008000d9c                I2C1_ER_IRQHandler
                0x0000000008000d9c                DMA2_Channel3_IRQHandler
 *fill*         0x0000000008000d9e        0x2 
 .text.__libc_init_array
                0x0000000008000da0       0x48 c:/st/stm32cubeide_1.4.0/stm32cubeide/plugins/com.st.stm32cube.ide.mcu.externaltools.gnu-tools-for-stm32.7-2018-q2-update.win32_1.4.0.202007081208/tools/bin/../lib/gcc/arm-none-eabi/7.3.1/../../../../arm-none-eabi/lib/thumb/v7-m\libc_nano.a(lib_a-init.o)
                0x0000000008000da0                __libc_init_array
 .text.memset   0x0000000008000de8       0x10 c:/st/stm32cubeide_1.4.0/stm32cubeide/plugins/com.st.stm32cube.ide.mcu.externaltools.gnu-tools-for-stm32.7-2018-q2-update.win32_1.4.0.202007081208/tools/bin/../lib/gcc/arm-none-eabi/7.3.1/../../../../arm-none-eabi/lib/thumb/v7-m\libc_nano.a(lib_a-memset.o)
                0x0000000008000de8                memset
 *(.glue_7)
 .glue_7        0x0000000008000df8        0x0 linker stubs
 *(.glue_7t)
 .glue_7t       0x0000000008000df8        0x0 linker stubs
 *(.eh_frame)
 .eh_frame      0x0000000008000df8        0x0 c:/st/stm32cubeide_1.4.0/stm32cubeide/plugins/com.st.stm32cube.ide.mcu.externaltools.gnu-tools-for-stm32.7-2018-q2-update.win32_1.4.0.202007081208/tools/bin/../lib/gcc/arm-none-eabi/7.3.1/thumb/v7-m/crtbegin.o
 *(.init)
 .init          0x0000000008000df8        0x4 c:/st/stm32cubeide_1.4.0/stm32cubeide/plugins/com.st.stm32cube.ide.mcu.externaltools.gnu-tools-for-stm32.7-2018-q2-update.win32_1.4.0.202007081208/tools/bin/../lib/gcc/arm-none-eabi/7.3.1/thumb/v7-m/crti.o
                0x0000000008000df8                _init
 .init          0x0000000008000dfc        0x8 c:/st/stm32cubeide_1.4.0/stm32cubeide/plugins/com.st.stm32cube.ide.mcu.externaltools.gnu-tools-for-stm32.7-2018-q2-update.win32_1.4.0.202007081208/tools/bin/../lib/gcc/arm-none-eabi/7.3.1/thumb/v7-m/crtn.o
 *(.fini)
 .fini          0x0000000008000e04        0x4 c:/st/stm32cubeide_1.4.0/stm32cubeide/plugins/com.st.stm32cube.ide.mcu.externaltools.gnu-tools-for-stm32.7-2018-q2-update.win32_1.4.0.202007081208/tools/bin/../lib/gcc/arm-none-eabi/7.3.1/thumb/v7-m/crti.o
                0x0000000008000e04                _fini
 .fini          0x0000000008000e08        0x8 c:/st/stm32cubeide_1.4.0/stm32cubeide/plugins/com.st.stm32cube.ide.mcu.externaltools.gnu-tools-for-stm32.7-2018-q2-update.win32_1.4.0.202007081208/tools/bin/../lib/gcc/arm-none-eabi/7.3.1/thumb/v7-m/crtn.o
                0x0000000008000e10                . = ALIGN (0x4)
                0x0000000008000e10                _etext = .

.vfp11_veneer   0x0000000008000e10        0x0
 .vfp11_veneer  0x0000000008000e10        0x0 linker stubs

.v4_bx          0x0000000008000e10        0x0
 .v4_bx         0x0000000008000e10        0x0 linker stubs

.iplt           0x0000000008000e10        0x0
 .iplt          0x0000000008000e10        0x0 c:/st/stm32cubeide_1.4.0/stm32cubeide/plugins/com.st.stm32cube.ide.mcu.externaltools.gnu-tools-for-stm32.7-2018-q2-update.win32_1.4.0.202007081208/tools/bin/../lib/gcc/arm-none-eabi/7.3.1/thumb/v7-m/crtbegin.o

.rel.dyn        0x0000000008000e10        0x0
 .rel.iplt      0x0000000008000e10        0x0 c:/st/stm32cubeide_1.4.0/stm32cubeide/plugins/com.st.stm32cube.ide.mcu.externaltools.gnu-tools-for-stm32.7-2018-q2-update.win32_1.4.0.202007081208/tools/bin/../lib/gcc/arm-none-eabi/7.3.1/thumb/v7-m/crtbegin.o

.rodata         0x0000000008000e10        0x0
                0x0000000008000e10                . = ALIGN (0x4)
 *(.rodata)
 *(.rodata*)
                0x0000000008000e10                . = ALIGN (0x4)

.ARM.extab      0x0000000008000e10        0x0
                0x0000000008000e10                . = ALIGN (0x4)
 *(.ARM.extab* .gnu.linkonce.armextab.*)
                0x0000000008000e10                . = ALIGN (0x4)

.ARM            0x0000000008000e10        0x0
                0x0000000008000e10                . = ALIGN (0x4)
                0x0000000008000e10                __exidx_start = .
 *(.ARM.exidx*)
                0x0000000008000e10                __exidx_end = .
                0x0000000008000e10                . = ALIGN (0x4)

.preinit_array  0x0000000008000e10        0x0
                0x0000000008000e10                . = ALIGN (0x4)
                0x0000000008000e10                PROVIDE (__preinit_array_start = .)
 *(.preinit_array*)
                0x0000000008000e10                PROVIDE (__preinit_array_end = .)
                0x0000000008000e10                . = ALIGN (0x4)

.init_array     0x0000000008000e10        0x4
                0x0000000008000e10                . = ALIGN (0x4)
                0x0000000008000e10                PROVIDE (__init_array_start = .)
 *(SORT_BY_NAME(.init_array.*))
 *(.init_array*)
 .init_array    0x0000000008000e10        0x4 c:/st/stm32cubeide_1.4.0/stm32cubeide/plugins/com.st.stm32cube.ide.mcu.externaltools.gnu-tools-for-stm32.7-2018-q2-update.win32_1.4.0.202007081208/tools/bin/../lib/gcc/arm-none-eabi/7.3.1/thumb/v7-m/crtbegin.o
                0x0000000008000e14                PROVIDE (__init_array_end = .)
                0x0000000008000e14                . = ALIGN (0x4)

.fini_array     0x0000000008000e14        0x4
                0x0000000008000e14                . = ALIGN (0x4)
                [!provide]                        PROVIDE (__fini_array_start = .)
 *(SORT_BY_NAME(.fini_array.*))
 *(.fini_array*)
 .fini_array    0x0000000008000e14        0x4 c:/st/stm32cubeide_1.4.0/stm32cubeide/plugins/com.st.stm32cube.ide.mcu.externaltools.gnu-tools-for-stm32.7-2018-q2-update.win32_1.4.0.202007081208/tools/bin/../lib/gcc/arm-none-eabi/7.3.1/thumb/v7-m/crtbegin.o
                [!provide]                        PROVIDE (__fini_array_end = .)
                0x0000000008000e18                . = ALIGN (0x4)
                0x0000000008000e18                _sidata = LOADADDR (.data)

.data           0x0000000020000000      0x7d0 load address 0x0000000008000e18
                0x0000000020000000                . = ALIGN (0x4)
                0x0000000020000000                _sdata = .
 *(.data)
 *(.data*)
 .data.arr4     0x0000000020000000      0x7d0 Src/DMA_Test1.o
                0x0000000020000000                arr4
                0x00000000200007d0                . = ALIGN (0x4)
                0x00000000200007d0                _edata = .

.igot.plt       0x00000000200007d0        0x0 load address 0x00000000080015e8
 .igot.plt      0x00000000200007d0        0x0 c:/st/stm32cubeide_1.4.0/stm32cubeide/plugins/com.st.stm32cube.ide.mcu.externaltools.gnu-tools-for-stm32.7-2018-q2-update.win32_1.4.0.202007081208/tools/bin/../lib/gcc/arm-none-eabi/7.3.1/thumb/v7-m/crtbegin.o
                0x00000000200007d0                . = ALIGN (0x4)

.bss            0x00000000200007d0       0x3c load address 0x00000000080015e8
                0x00000000200007d0                _sbss = .
                0x00000000200007d0                __bss_start__ = _sbss
 *(.bss)
 .bss           0x00000000200007d0       0x1c c:/st/stm32cubeide_1.4.0/stm32cubeide/plugins/com.st.stm32cube.ide.mcu.externaltools.gnu-tools-for-stm32.7-2018-q2-update.win32_1.4.0.202007081208/tools/bin/../lib/gcc/arm-none-eabi/7.3.1/thumb/v7-m/crtbegin.o
 *(.bss*)
 .bss.EXTI0_pCallBack
                0x00000000200007ec        0x4 STM32F103c8_Drivers/MCAL/src/STM32f103xx_EXTI_driver.o
 .bss.EXTI1_pCallBack
                0x00000000200007f0        0x4 STM32F103c8_Drivers/MCAL/src/STM32f103xx_EXTI_driver.o
 .bss.EXTI2_pCallBack
                0x00000000200007f4        0x4 STM32F103c8_Drivers/MCAL/src/STM32f103xx_EXTI_driver.o
 .bss.EXTI3_pCallBack
                0x00000000200007f8        0x4 STM32F103c8_Drivers/MCAL/src/STM32f103xx_EXTI_driver.o
 .bss.EXTI4_pCallBack
                0x00000000200007fc        0x4 STM32F103c8_Drivers/MCAL/src/STM32f103xx_EXTI_driver.o
 .bss.STK_u8CheckStatus
                0x0000000020000800        0x1 STM32F103c8_Drivers/MCAL/src/STM32f103xx_SysTick_driver.o
 *(COMMON)
 *fill*         0x0000000020000801        0x3 
 COMMON         0x0000000020000804        0x4 STM32F103c8_Drivers/MCAL/src/STM32F103xx_DMA_driver.o
                0x0000000020000804                DMA_CallBackChannel1
 COMMON         0x0000000020000808        0x4 STM32F103c8_Drivers/MCAL/src/STM32f103xx_SysTick_driver.o
                0x0000000020000808                STK_VPtrFun
                0x000000002000080c                . = ALIGN (0x4)
                0x000000002000080c                _ebss = .
                0x000000002000080c                __bss_end__ = _ebss

._user_heap_stack
                0x000000002000080c      0x604 load address 0x00000000080015e8
                0x0000000020000810                . = ALIGN (0x8)
 *fill*         0x000000002000080c        0x4 
                [!provide]                        PROVIDE (end = .)
                [!provide]                        PROVIDE (_end = .)
                0x0000000020000a10                . = (. + _Min_Heap_Size)
 *fill*         0x0000000020000810      0x200 
                0x0000000020000e10                . = (. + _Min_Stack_Size)
 *fill*         0x0000000020000a10      0x400 
                0x0000000020000e10                . = ALIGN (0x8)

/DISCARD/
 libc.a(*)
 libm.a(*)
 libgcc.a(*)

.ARM.attributes
                0x0000000000000000       0x29
 *(.ARM.attributes)
 .ARM.attributes
                0x0000000000000000       0x1d c:/st/stm32cubeide_1.4.0/stm32cubeide/plugins/com.st.stm32cube.ide.mcu.externaltools.gnu-tools-for-stm32.7-2018-q2-update.win32_1.4.0.202007081208/tools/bin/../lib/gcc/arm-none-eabi/7.3.1/thumb/v7-m/crti.o
 .ARM.attributes
                0x000000000000001d       0x2d c:/st/stm32cubeide_1.4.0/stm32cubeide/plugins/com.st.stm32cube.ide.mcu.externaltools.gnu-tools-for-stm32.7-2018-q2-update.win32_1.4.0.202007081208/tools/bin/../lib/gcc/arm-none-eabi/7.3.1/thumb/v7-m/crtbegin.o
 .ARM.attributes
                0x000000000000004a       0x33 STM32F103c8_Drivers/MCAL/src/STM32F103xx_DMA_driver.o
 .ARM.attributes
                0x000000000000007d       0x33 STM32F103c8_Drivers/MCAL/src/STM32f103xx_EXTI_driver.o
 .ARM.attributes
                0x00000000000000b0       0x33 STM32F103c8_Drivers/MCAL/src/STM32f103xx_NVIC_driver.o
 .ARM.attributes
                0x00000000000000e3       0x33 STM32F103c8_Drivers/MCAL/src/STM32f103xx_RCC_driver.o
 .ARM.attributes
                0x0000000000000116       0x33 STM32F103c8_Drivers/MCAL/src/STM32f103xx_SysTick_driver.o
 .ARM.attributes
                0x0000000000000149       0x33 Src/DMA_Test1.o
 .ARM.attributes
                0x000000000000017c       0x21 Startup/startup_stm32f103c6tx.o
 .ARM.attributes
                0x000000000000019d       0x2d c:/st/stm32cubeide_1.4.0/stm32cubeide/plugins/com.st.stm32cube.ide.mcu.externaltools.gnu-tools-for-stm32.7-2018-q2-update.win32_1.4.0.202007081208/tools/bin/../lib/gcc/arm-none-eabi/7.3.1/../../../../arm-none-eabi/lib/thumb/v7-m\libc_nano.a(lib_a-init.o)
 .ARM.attributes
                0x00000000000001ca       0x2d c:/st/stm32cubeide_1.4.0/stm32cubeide/plugins/com.st.stm32cube.ide.mcu.externaltools.gnu-tools-for-stm32.7-2018-q2-update.win32_1.4.0.202007081208/tools/bin/../lib/gcc/arm-none-eabi/7.3.1/../../../../arm-none-eabi/lib/thumb/v7-m\libc_nano.a(lib_a-memset.o)
 .ARM.attributes
                0x00000000000001f7       0x1d c:/st/stm32cubeide_1.4.0/stm32cubeide/plugins/com.st.stm32cube.ide.mcu.externaltools.gnu-tools-for-stm32.7-2018-q2-update.win32_1.4.0.202007081208/tools/bin/../lib/gcc/arm-none-eabi/7.3.1/thumb/v7-m/crtn.o
OUTPUT(STM32F103xx.elf elf32-littlearm)

.debug_info     0x0000000000000000     0x4ea2
 .debug_info    0x0000000000000000      0xd7b STM32F103c8_Drivers/MCAL/src/STM32F103xx_DMA_driver.o
 .debug_info    0x0000000000000d7b     0x136f STM32F103c8_Drivers/MCAL/src/STM32f103xx_EXTI_driver.o
 .debug_info    0x00000000000020ea      0xb65 STM32F103c8_Drivers/MCAL/src/STM32f103xx_NVIC_driver.o
 .debug_info    0x0000000000002c4f      0xa86 STM32F103c8_Drivers/MCAL/src/STM32f103xx_RCC_driver.o
 .debug_info    0x00000000000036d5      0xc42 STM32F103c8_Drivers/MCAL/src/STM32f103xx_SysTick_driver.o
 .debug_info    0x0000000000004317      0xb69 Src/DMA_Test1.o
 .debug_info    0x0000000000004e80       0x22 Startup/startup_stm32f103c6tx.o

.debug_abbrev   0x0000000000000000      0xb9e
 .debug_abbrev  0x0000000000000000      0x26a STM32F103c8_Drivers/MCAL/src/STM32F103xx_DMA_driver.o
 .debug_abbrev  0x000000000000026a      0x214 STM32F103c8_Drivers/MCAL/src/STM32f103xx_EXTI_driver.o
 .debug_abbrev  0x000000000000047e      0x1bd STM32F103c8_Drivers/MCAL/src/STM32f103xx_NVIC_driver.o
 .debug_abbrev  0x000000000000063b      0x199 STM32F103c8_Drivers/MCAL/src/STM32f103xx_RCC_driver.o
 .debug_abbrev  0x00000000000007d4      0x207 STM32F103c8_Drivers/MCAL/src/STM32f103xx_SysTick_driver.o
 .debug_abbrev  0x00000000000009db      0x1b1 Src/DMA_Test1.o
 .debug_abbrev  0x0000000000000b8c       0x12 Startup/startup_stm32f103c6tx.o

.debug_loc      0x0000000000000000     0x12ba
 .debug_loc     0x0000000000000000      0x300 STM32F103c8_Drivers/MCAL/src/STM32F103xx_DMA_driver.o
 .debug_loc     0x0000000000000300      0x9f0 STM32F103c8_Drivers/MCAL/src/STM32f103xx_EXTI_driver.o
 .debug_loc     0x0000000000000cf0      0x228 STM32F103c8_Drivers/MCAL/src/STM32f103xx_NVIC_driver.o
 .debug_loc     0x0000000000000f18       0x5c STM32F103c8_Drivers/MCAL/src/STM32f103xx_RCC_driver.o
 .debug_loc     0x0000000000000f74      0x30c STM32F103c8_Drivers/MCAL/src/STM32f103xx_SysTick_driver.o
 .debug_loc     0x0000000000001280       0x3a Src/DMA_Test1.o

.debug_aranges  0x0000000000000000      0x2a8
 .debug_aranges
                0x0000000000000000       0x60 STM32F103c8_Drivers/MCAL/src/STM32F103xx_DMA_driver.o
 .debug_aranges
                0x0000000000000060      0x138 STM32F103c8_Drivers/MCAL/src/STM32f103xx_EXTI_driver.o
 .debug_aranges
                0x0000000000000198       0x48 STM32F103c8_Drivers/MCAL/src/STM32f103xx_NVIC_driver.o
 .debug_aranges
                0x00000000000001e0       0x20 STM32F103c8_Drivers/MCAL/src/STM32f103xx_RCC_driver.o
 .debug_aranges
                0x0000000000000200       0x60 STM32F103c8_Drivers/MCAL/src/STM32f103xx_SysTick_driver.o
 .debug_aranges
                0x0000000000000260       0x20 Src/DMA_Test1.o
 .debug_aranges
                0x0000000000000280       0x28 Startup/startup_stm32f103c6tx.o

.debug_ranges   0x0000000000000000      0x240
 .debug_ranges  0x0000000000000000       0x50 STM32F103c8_Drivers/MCAL/src/STM32F103xx_DMA_driver.o
 .debug_ranges  0x0000000000000050      0x128 STM32F103c8_Drivers/MCAL/src/STM32f103xx_EXTI_driver.o
 .debug_ranges  0x0000000000000178       0x38 STM32F103c8_Drivers/MCAL/src/STM32f103xx_NVIC_driver.o
 .debug_ranges  0x00000000000001b0       0x10 STM32F103c8_Drivers/MCAL/src/STM32f103xx_RCC_driver.o
 .debug_ranges  0x00000000000001c0       0x50 STM32F103c8_Drivers/MCAL/src/STM32f103xx_SysTick_driver.o
 .debug_ranges  0x0000000000000210       0x10 Src/DMA_Test1.o
 .debug_ranges  0x0000000000000220       0x20 Startup/startup_stm32f103c6tx.o

.debug_macro    0x0000000000000000      0xc91
 .debug_macro   0x0000000000000000      0x14b STM32F103c8_Drivers/MCAL/src/STM32F103xx_DMA_driver.o
 .debug_macro   0x000000000000014b       0x6a STM32F103c8_Drivers/MCAL/src/STM32F103xx_DMA_driver.o
 .debug_macro   0x00000000000001b5      0x13e STM32F103c8_Drivers/MCAL/src/STM32f103xx_EXTI_driver.o
 .debug_macro   0x00000000000002f3       0x76 STM32F103c8_Drivers/MCAL/src/STM32f103xx_EXTI_driver.o
 .debug_macro   0x0000000000000369      0x13e STM32F103c8_Drivers/MCAL/src/STM32f103xx_NVIC_driver.o
 .debug_macro   0x00000000000004a7      0x19c STM32F103c8_Drivers/MCAL/src/STM32f103xx_NVIC_driver.o
 .debug_macro   0x0000000000000643      0x13e STM32F103c8_Drivers/MCAL/src/STM32f103xx_RCC_driver.o
 .debug_macro   0x0000000000000781       0x70 STM32F103c8_Drivers/MCAL/src/STM32f103xx_RCC_driver.o
 .debug_macro   0x00000000000007f1      0x13e STM32F103c8_Drivers/MCAL/src/STM32f103xx_SysTick_driver.o
 .debug_macro   0x000000000000092f      0x150 Src/DMA_Test1.o
 .debug_macro   0x0000000000000a7f      0x1a2 Src/DMA_Test1.o
 .debug_macro   0x0000000000000c21       0x70 Src/DMA_Test1.o

.debug_line     0x0000000000000000     0x2778
 .debug_line    0x0000000000000000      0x6f1 STM32F103c8_Drivers/MCAL/src/STM32F103xx_DMA_driver.o
 .debug_line    0x00000000000006f1      0x89d STM32F103c8_Drivers/MCAL/src/STM32f103xx_EXTI_driver.o
 .debug_line    0x0000000000000f8e      0x5e4 STM32F103c8_Drivers/MCAL/src/STM32f103xx_NVIC_driver.o
 .debug_line    0x0000000000001572      0x57f STM32F103c8_Drivers/MCAL/src/STM32f103xx_RCC_driver.o
 .debug_line    0x0000000000001af1      0x649 STM32F103c8_Drivers/MCAL/src/STM32f103xx_SysTick_driver.o
 .debug_line    0x000000000000213a      0x5ba Src/DMA_Test1.o
 .debug_line    0x00000000000026f4       0x84 Startup/startup_stm32f103c6tx.o

.debug_str      0x0000000000000000     0x8e61
 .debug_str     0x0000000000000000     0x7cf8 STM32F103c8_Drivers/MCAL/src/STM32F103xx_DMA_driver.o
                                       0x7f59 (size before relaxing)
 .debug_str     0x0000000000007cf8      0x673 STM32F103c8_Drivers/MCAL/src/STM32f103xx_EXTI_driver.o
                                       0x81c6 (size before relaxing)
 .debug_str     0x000000000000836b      0x6d4 STM32F103c8_Drivers/MCAL/src/STM32f103xx_NVIC_driver.o
                                       0x8227 (size before relaxing)
 .debug_str     0x0000000000008a3f      0x211 STM32F103c8_Drivers/MCAL/src/STM32f103xx_RCC_driver.o
                                       0x7d92 (size before relaxing)
 .debug_str     0x0000000000008c50      0x1a7 STM32F103c8_Drivers/MCAL/src/STM32f103xx_SysTick_driver.o
                                       0x7d04 (size before relaxing)
 .debug_str     0x0000000000008df7       0x39 Src/DMA_Test1.o
                                       0x8476 (size before relaxing)
 .debug_str     0x0000000000008e30       0x31 Startup/startup_stm32f103c6tx.o
                                         0x6f (size before relaxing)

.comment        0x0000000000000000       0x7b
 .comment       0x0000000000000000       0x7b STM32F103c8_Drivers/MCAL/src/STM32F103xx_DMA_driver.o
                                         0x7c (size before relaxing)
 .comment       0x000000000000007b       0x7c STM32F103c8_Drivers/MCAL/src/STM32f103xx_EXTI_driver.o
 .comment       0x000000000000007b       0x7c STM32F103c8_Drivers/MCAL/src/STM32f103xx_NVIC_driver.o
 .comment       0x000000000000007b       0x7c STM32F103c8_Drivers/MCAL/src/STM32f103xx_RCC_driver.o
 .comment       0x000000000000007b       0x7c STM32F103c8_Drivers/MCAL/src/STM32f103xx_SysTick_driver.o
 .comment       0x000000000000007b       0x7c Src/DMA_Test1.o

.debug_frame    0x0000000000000000      0x978
 .debug_frame   0x0000000000000000      0x168 STM32F103c8_Drivers/MCAL/src/STM32F103xx_DMA_driver.o
 .debug_frame   0x0000000000000168      0x4f0 STM32F103c8_Drivers/MCAL/src/STM32f103xx_EXTI_driver.o
 .debug_frame   0x0000000000000658      0x100 STM32F103c8_Drivers/MCAL/src/STM32f103xx_NVIC_driver.o
 .debug_frame   0x0000000000000758       0x38 STM32F103c8_Drivers/MCAL/src/STM32f103xx_RCC_driver.o
 .debug_frame   0x0000000000000790      0x16c STM32F103c8_Drivers/MCAL/src/STM32f103xx_SysTick_driver.o
 .debug_frame   0x00000000000008fc       0x30 Src/DMA_Test1.o
 .debug_frame   0x000000000000092c       0x2c c:/st/stm32cubeide_1.4.0/stm32cubeide/plugins/com.st.stm32cube.ide.mcu.externaltools.gnu-tools-for-stm32.7-2018-q2-update.win32_1.4.0.202007081208/tools/bin/../lib/gcc/arm-none-eabi/7.3.1/../../../../arm-none-eabi/lib/thumb/v7-m\libc_nano.a(lib_a-init.o)
 .debug_frame   0x0000000000000958       0x20 c:/st/stm32cubeide_1.4.0/stm32cubeide/plugins/com.st.stm32cube.ide.mcu.externaltools.gnu-tools-for-stm32.7-2018-q2-update.win32_1.4.0.202007081208/tools/bin/../lib/gcc/arm-none-eabi/7.3.1/../../../../arm-none-eabi/lib/thumb/v7-m\libc_nano.a(lib_a-memset.o)
