Archive member included to satisfy reference by file (symbol)

c:/st/stm32cubeide_1.4.0/stm32cubeide/plugins/com.st.stm32cube.ide.mcu.externaltools.gnu-tools-for-stm32.7-2018-q2-update.win32_1.4.0.202007081208/tools/bin/../lib/gcc/arm-none-eabi/7.3.1/../../../../arm-none-eabi/lib/thumb/v7-m\libc_nano.a(lib_a-exit.o)
                              c:/st/stm32cubeide_1.4.0/stm32cubeide/plugins/com.st.stm32cube.ide.mcu.externaltools.gnu-tools-for-stm32.7-2018-q2-update.win32_1.4.0.202007081208/tools/bin/../lib/gcc/arm-none-eabi/7.3.1/../../../../arm-none-eabi/lib/thumb/v7-m/crt0.o (exit)
c:/st/stm32cubeide_1.4.0/stm32cubeide/plugins/com.st.stm32cube.ide.mcu.externaltools.gnu-tools-for-stm32.7-2018-q2-update.win32_1.4.0.202007081208/tools/bin/../lib/gcc/arm-none-eabi/7.3.1/../../../../arm-none-eabi/lib/thumb/v7-m\libc_nano.a(lib_a-impure.o)
                              c:/st/stm32cubeide_1.4.0/stm32cubeide/plugins/com.st.stm32cube.ide.mcu.externaltools.gnu-tools-for-stm32.7-2018-q2-update.win32_1.4.0.202007081208/tools/bin/../lib/gcc/arm-none-eabi/7.3.1/../../../../arm-none-eabi/lib/thumb/v7-m\libc_nano.a(lib_a-exit.o) (_global_impure_ptr)
c:/st/stm32cubeide_1.4.0/stm32cubeide/plugins/com.st.stm32cube.ide.mcu.externaltools.gnu-tools-for-stm32.7-2018-q2-update.win32_1.4.0.202007081208/tools/bin/../lib/gcc/arm-none-eabi/7.3.1/../../../../arm-none-eabi/lib/thumb/v7-m\libc_nano.a(lib_a-init.o)
                              c:/st/stm32cubeide_1.4.0/stm32cubeide/plugins/com.st.stm32cube.ide.mcu.externaltools.gnu-tools-for-stm32.7-2018-q2-update.win32_1.4.0.202007081208/tools/bin/../lib/gcc/arm-none-eabi/7.3.1/../../../../arm-none-eabi/lib/thumb/v7-m/crt0.o (__libc_init_array)
c:/st/stm32cubeide_1.4.0/stm32cubeide/plugins/com.st.stm32cube.ide.mcu.externaltools.gnu-tools-for-stm32.7-2018-q2-update.win32_1.4.0.202007081208/tools/bin/../lib/gcc/arm-none-eabi/7.3.1/../../../../arm-none-eabi/lib/thumb/v7-m\libc_nano.a(lib_a-memcpy-stub.o)
                              Src/TestLEDMRX.o (memcpy)
c:/st/stm32cubeide_1.4.0/stm32cubeide/plugins/com.st.stm32cube.ide.mcu.externaltools.gnu-tools-for-stm32.7-2018-q2-update.win32_1.4.0.202007081208/tools/bin/../lib/gcc/arm-none-eabi/7.3.1/../../../../arm-none-eabi/lib/thumb/v7-m\libc_nano.a(lib_a-memset.o)
                              c:/st/stm32cubeide_1.4.0/stm32cubeide/plugins/com.st.stm32cube.ide.mcu.externaltools.gnu-tools-for-stm32.7-2018-q2-update.win32_1.4.0.202007081208/tools/bin/../lib/gcc/arm-none-eabi/7.3.1/../../../../arm-none-eabi/lib/thumb/v7-m/crt0.o (memset)
c:/st/stm32cubeide_1.4.0/stm32cubeide/plugins/com.st.stm32cube.ide.mcu.externaltools.gnu-tools-for-stm32.7-2018-q2-update.win32_1.4.0.202007081208/tools/bin/../lib/gcc/arm-none-eabi/7.3.1/../../../../arm-none-eabi/lib/thumb/v7-m\libnosys.a(_exit.o)
                              c:/st/stm32cubeide_1.4.0/stm32cubeide/plugins/com.st.stm32cube.ide.mcu.externaltools.gnu-tools-for-stm32.7-2018-q2-update.win32_1.4.0.202007081208/tools/bin/../lib/gcc/arm-none-eabi/7.3.1/../../../../arm-none-eabi/lib/thumb/v7-m\libc_nano.a(lib_a-exit.o) (_exit)

Allocating common symbols
Common symbol       size              file

STK_VPtrFun         0x4               STM32F103c8_Drivers/MCAL/src/STM32f103xx_SysTick_driver.o

Discarded input sections

 .text          0x0000000000000000        0x0 c:/st/stm32cubeide_1.4.0/stm32cubeide/plugins/com.st.stm32cube.ide.mcu.externaltools.gnu-tools-for-stm32.7-2018-q2-update.win32_1.4.0.202007081208/tools/bin/../lib/gcc/arm-none-eabi/7.3.1/thumb/v7-m/crti.o
 .data          0x0000000000000000        0x0 c:/st/stm32cubeide_1.4.0/stm32cubeide/plugins/com.st.stm32cube.ide.mcu.externaltools.gnu-tools-for-stm32.7-2018-q2-update.win32_1.4.0.202007081208/tools/bin/../lib/gcc/arm-none-eabi/7.3.1/thumb/v7-m/crti.o
 .bss           0x0000000000000000        0x0 c:/st/stm32cubeide_1.4.0/stm32cubeide/plugins/com.st.stm32cube.ide.mcu.externaltools.gnu-tools-for-stm32.7-2018-q2-update.win32_1.4.0.202007081208/tools/bin/../lib/gcc/arm-none-eabi/7.3.1/thumb/v7-m/crti.o
 .data          0x0000000000000000        0x4 c:/st/stm32cubeide_1.4.0/stm32cubeide/plugins/com.st.stm32cube.ide.mcu.externaltools.gnu-tools-for-stm32.7-2018-q2-update.win32_1.4.0.202007081208/tools/bin/../lib/gcc/arm-none-eabi/7.3.1/thumb/v7-m/crtbegin.o
 .text          0x0000000000000000       0x74 c:/st/stm32cubeide_1.4.0/stm32cubeide/plugins/com.st.stm32cube.ide.mcu.externaltools.gnu-tools-for-stm32.7-2018-q2-update.win32_1.4.0.202007081208/tools/bin/../lib/gcc/arm-none-eabi/7.3.1/../../../../arm-none-eabi/lib/thumb/v7-m/crt0.o
 .data          0x0000000000000000        0x0 c:/st/stm32cubeide_1.4.0/stm32cubeide/plugins/com.st.stm32cube.ide.mcu.externaltools.gnu-tools-for-stm32.7-2018-q2-update.win32_1.4.0.202007081208/tools/bin/../lib/gcc/arm-none-eabi/7.3.1/../../../../arm-none-eabi/lib/thumb/v7-m/crt0.o
[...]
Memory Configuration

Name             Origin             Length             Attributes
RAM              0x0000000020000000 0x0000000000002800 xrw
ROM              0x0000000008000000 0x0000000000008000 xr
*default*        0x0000000000000000 0xffffffffffffffff

Linker script and memory map

LOAD c:/st/stm32cubeide_1.4.0/stm32cubeide/plugins/com.st.stm32cube.ide.mcu.externaltools.gnu-tools-for-stm32.7-2018-q2-update.win32_1.4.0.202007081208/tools/bin/../lib/gcc/arm-none-eabi/7.3.1/thumb/v7-m/crti.o
LOAD c:/st/stm32cubeide_1.4.0/stm32cubeide/plugins/com.st.stm32cube.ide.mcu.externaltools.gnu-tools-for-stm32.7-2018-q2-update.win32_1.4.0.202007081208/tools/bin/../lib/gcc/arm-none-eabi/7.3.1/thumb/v7-m/crtbegin.o
LOAD c:/st/stm32cubeide_1.4.0/stm32cubeide/plugins/com.st.stm32cube.ide.mcu.externaltools.gnu-tools-for-stm32.7-2018-q2-update.win32_1.4.0.202007081208/tools/bin/../lib/gcc/arm-none-eabi/7.3.1/../../../../arm-none-eabi/lib/thumb/v7-m/crt0.o
LOAD STM32F103c8_Drivers/HAL/src/LED_MAX.o
LOAD STM32F103c8_Drivers/HAL/src/STP_74HC595.o
LOAD STM32F103c8_Drivers/MCAL/src/STM32f103xx_EXTI_driver.o
LOAD STM32F103c8_Drivers/MCAL/src/STM32f103xx_GPIO_driver.o
LOAD STM32F103c8_Drivers/MCAL/src/STM32f103xx_NVIC_driver.o
LOAD STM32F103c8_Drivers/MCAL/src/STM32f103xx_RCC_driver.o
LOAD STM32F103c8_Drivers/MCAL/src/STM32f103xx_SysTick_driver.o
LOAD Src/DAC_Test.o
LOAD Src/EXTI_Test.o
LOAD Src/STP_Example.o
LOAD Src/SysTick_Test.o
LOAD Src/TestLEDMRX.o
LOAD Src/Toggle_led.o
LOAD Startup/startup_stm32f103c6tx.o
START GROUP
LOAD c:/st/stm32cubeide_1.4.0/stm32cubeide/plugins/com.st.stm32cube.ide.mcu.externaltools.gnu-tools-for-stm32.7-2018-q2-update.win32_1.4.0.202007081208/tools/bin/../lib/gcc/arm-none-eabi/7.3.1/../../../../arm-none-eabi/lib/thumb/v7-m\libc_nano.a
LOAD c:/st/stm32cubeide_1.4.0/stm32cubeide/plugins/com.st.stm32cube.ide.mcu.externaltools.gnu-tools-for-stm32.7-2018-q2-update.win32_1.4.0.202007081208/tools/bin/../lib/gcc/arm-none-eabi/7.3.1/../../../../arm-none-eabi/lib/thumb/v7-m\libm.a
END GROUP
START GROUP
LOAD c:/st/stm32cubeide_1.4.0/stm32cubeide/plugins/com.st.stm32cube.ide.mcu.externaltools.gnu-tools-for-stm32.7-2018-q2-update.win32_1.4.0.202007081208/tools/bin/../lib/gcc/arm-none-eabi/7.3.1/thumb/v7-m\libgcc.a
LOAD c:/st/stm32cubeide_1.4.0/stm32cubeide/plugins/com.st.stm32cube.ide.mcu.externaltools.gnu-tools-for-stm32.7-2018-q2-update.win32_1.4.0.202007081208/tools/bin/../lib/gcc/arm-none-eabi/7.3.1/../../../../arm-none-eabi/lib/thumb/v7-m\libg_nano.a
LOAD c:/st/stm32cubeide_1.4.0/stm32cubeide/plugins/com.st.stm32cube.ide.mcu.externaltools.gnu-tools-for-stm32.7-2018-q2-update.win32_1.4.0.202007081208/tools/bin/../lib/gcc/arm-none-eabi/7.3.1/../../../../arm-none-eabi/lib/thumb/v7-m\libc_nano.a
END GROUP
START GROUP
LOAD c:/st/stm32cubeide_1.4.0/stm32cubeide/plugins/com.st.stm32cube.ide.mcu.externaltools.gnu-tools-for-stm32.7-2018-q2-update.win32_1.4.0.202007081208/tools/bin/../lib/gcc/arm-none-eabi/7.3.1/thumb/v7-m\libgcc.a
LOAD c:/st/stm32cubeide_1.4.0/stm32cubeide/plugins/com.st.stm32cube.ide.mcu.externaltools.gnu-tools-for-stm32.7-2018-q2-update.win32_1.4.0.202007081208/tools/bin/../lib/gcc/arm-none-eabi/7.3.1/../../../../arm-none-eabi/lib/thumb/v7-m\libc_nano.a
LOAD c:/st/stm32cubeide_1.4.0/stm32cubeide/plugins/com.st.stm32cube.ide.mcu.externaltools.gnu-tools-for-stm32.7-2018-q2-update.win32_1.4.0.202007081208/tools/bin/../lib/gcc/arm-none-eabi/7.3.1/../../../../arm-none-eabi/lib/thumb/v7-m\libnosys.a
END GROUP
START GROUP
LOAD c:/st/stm32cubeide_1.4.0/stm32cubeide/plugins/com.st.stm32cube.ide.mcu.externaltools.gnu-tools-for-stm32.7-2018-q2-update.win32_1.4.0.202007081208/tools/bin/../lib/gcc/arm-none-eabi/7.3.1/thumb/v7-m\libgcc.a
LOAD c:/st/stm32cubeide_1.4.0/stm32cubeide/plugins/com.st.stm32cube.ide.mcu.externaltools.gnu-tools-for-stm32.7-2018-q2-update.win32_1.4.0.202007081208/tools/bin/../lib/gcc/arm-none-eabi/7.3.1/../../../../arm-none-eabi/lib/thumb/v7-m\libc_nano.a
LOAD c:/st/stm32cubeide_1.4.0/stm32cubeide/plugins/com.st.stm32cube.ide.mcu.externaltools.gnu-tools-for-stm32.7-2018-q2-update.win32_1.4.0.202007081208/tools/bin/../lib/gcc/arm-none-eabi/7.3.1/../../../../arm-none-eabi/lib/thumb/v7-m\libnosys.a
END GROUP
LOAD c:/st/stm32cubeide_1.4.0/stm32cubeide/plugins/com.st.stm32cube.ide.mcu.externaltools.gnu-tools-for-stm32.7-2018-q2-update.win32_1.4.0.202007081208/tools/bin/../lib/gcc/arm-none-eabi/7.3.1/thumb/v7-m/crtend.o
LOAD c:/st/stm32cubeide_1.4.0/stm32cubeide/plugins/com.st.stm32cube.ide.mcu.externaltools.gnu-tools-for-stm32.7-2018-q2-update.win32_1.4.0.202007081208/tools/bin/../lib/gcc/arm-none-eabi/7.3.1/thumb/v7-m/crtn.o
                0x0000000020002800                _estack = (ORIGIN (RAM) + LENGTH (RAM))
                0x0000000000000200                _Min_Heap_Size = 0x200
                0x0000000000000400                _Min_Stack_Size = 0x400

.isr_vector     0x0000000008000000      0x130
                0x0000000008000000                . = ALIGN (0x4)
 *(.isr_vector)
 .isr_vector    0x0000000008000000      0x130 Startup/startup_stm32f103c6tx.o
                0x0000000008000000                g_pfnVectors
                0x0000000008000130                . = ALIGN (0x4)

.text           0x0000000008000130      0x754
                0x0000000008000130                . = ALIGN (0x4)
 *(.text)
 .text          0x0000000008000130       0x40 c:/st/stm32cubeide_1.4.0/stm32cubeide/plugins/com.st.stm32cube.ide.mcu.externaltools.gnu-tools-for-stm32.7-2018-q2-update.win32_1.4.0.202007081208/tools/bin/../lib/gcc/arm-none-eabi/7.3.1/thumb/v7-m/crtbegin.o
 *(.text*)
 .text.HLED_MRX_voidInit
                0x0000000008000170       0x8a STM32F103c8_Drivers/HAL/src/LED_MAX.o
                0x0000000008000170                HLED_MRX_voidInit
 .text.HLED_MRX_voidDisplay
                0x00000000080001fa       0x5c STM32F103c8_Drivers/HAL/src/LED_MAX.o
                0x00000000080001fa                HLED_MRX_voidDisplay
 .text.SetRowsValues
                0x0000000008000256       0x58 STM32F103c8_Drivers/HAL/src/LED_MAX.o
 .text.DisableAllColumns
                0x00000000080002ae       0x42 STM32F103c8_Drivers/HAL/src/LED_MAX.o
 .text.EXTI0_IRQHandler
                0x00000000080002f0       0x24 STM32F103c8_Drivers/MCAL/src/STM32f103xx_EXTI_driver.o
                0x00000000080002f0                EXTI0_IRQHandler
 .text.EXTI1_IRQHandler
                0x0000000008000314       0x24 STM32F103c8_Drivers/MCAL/src/STM32f103xx_EXTI_driver.o
                0x0000000008000314                EXTI1_IRQHandler
 .text.EXTI2_IRQHandler
                0x0000000008000338       0x24 STM32F103c8_Drivers/MCAL/src/STM32f103xx_EXTI_driver.o
                0x0000000008000338                EXTI2_IRQHandler
 .text.EXTI3_IRQHandler
                0x000000000800035c       0x24 STM32F103c8_Drivers/MCAL/src/STM32f103xx_EXTI_driver.o
                0x000000000800035c                EXTI3_IRQHandler
 .text.EXTI4_IRQHandler
                0x0000000008000380       0x24 STM32F103c8_Drivers/MCAL/src/STM32f103xx_EXTI_driver.o
                0x0000000008000380                EXTI4_IRQHandler
 .text.Get_CRLH_Position
                0x00000000080003a4       0xc6 STM32F103c8_Drivers/MCAL/src/STM32f103xx_GPIO_driver.o
 .text.GPIO_enuInit
                0x000000000800046a      0x156 STM32F103c8_Drivers/MCAL/src/STM32f103xx_GPIO_driver.o
                0x000000000800046a                GPIO_enuInit
 .text.GPIO_enuWriteToOutputPin
                0x00000000080005c0       0x44 STM32F103c8_Drivers/MCAL/src/STM32f103xx_GPIO_driver.o
                0x00000000080005c0                GPIO_enuWriteToOutputPin
 .text.RCC_enuInitConfig
                0x0000000008000604       0x54 STM32F103c8_Drivers/MCAL/src/STM32f103xx_RCC_driver.o
                0x0000000008000604                RCC_enuInitConfig
 .text.MSTK_enuInit
                0x0000000008000658       0x68 STM32F103c8_Drivers/MCAL/src/STM32f103xx_SysTick_driver.o
                0x0000000008000658                MSTK_enuInit
 .text.MSTK_enuSetBusyWait
                0x00000000080006c0       0x54 STM32F103c8_Drivers/MCAL/src/STM32f103xx_SysTick_driver.o
                0x00000000080006c0                MSTK_enuSetBusyWait
 .text.SysTick_Handler
                0x0000000008000714       0x44 STM32F103c8_Drivers/MCAL/src/STM32f103xx_SysTick_driver.o
                0x0000000008000714                SysTick_Handler
 .text.main     0x0000000008000758       0x60 Src/TestLEDMRX.o
                0x0000000008000758                main
 .text.Reset_Handler
                0x00000000080007b8       0x50 Startup/startup_stm32f103c6tx.o
                0x00000000080007b8                Reset_Handler
 .text.Default_Handler
                0x0000000008000808        0x2 Startup/startup_stm32f103c6tx.o
                0x0000000008000808                TIM8_TRG_COM_IRQHandler
                0x0000000008000808                TIM8_CC_IRQHandler
                0x0000000008000808                DebugMon_Handler
                0x0000000008000808                TIM1_CC_IRQHandler
                0x0000000008000808                HardFault_Handler
                0x0000000008000808                TIM6_IRQHandler
                0x0000000008000808                PVD_IRQHandler
                0x0000000008000808                SDIO_IRQHandler
                0x0000000008000808                PendSV_Handler
                0x0000000008000808                NMI_Handler
                0x0000000008000808                USB_HP_CAN_TX_IRQHandler
                0x0000000008000808                I2C2_EV_IRQHandler
                0x0000000008000808                UsageFault_Handler
                0x0000000008000808                ADC1_2_IRQHandler
                0x0000000008000808                SPI1_IRQHandler
                0x0000000008000808                CAN_SCE_IRQHandler
                0x0000000008000808                TAMPER_IRQHandler
                0x0000000008000808                TIM8_UP_IRQHandler
                0x0000000008000808                DMA2_Channel2_IRQHandler
                0x0000000008000808                DMA1_Channel4_IRQHandler
                0x0000000008000808                USART3_IRQHandler
                0x0000000008000808                RTC_IRQHandler
                0x0000000008000808                DMA1_Channel7_IRQHandler
                0x0000000008000808                UART5_IRQHandler
                0x0000000008000808                ADC3_IRQHandler
                0x0000000008000808                TIM4_IRQHandler
                0x0000000008000808                CAN_RX1_IRQHandler
                0x0000000008000808                DMA2_Channel1_IRQHandler
                0x0000000008000808                I2C1_EV_IRQHandler
                0x0000000008000808                DMA1_Channel6_IRQHandler
                0x0000000008000808                UART4_IRQHandler
                0x0000000008000808                TIM3_IRQHandler
                0x0000000008000808                RCC_IRQHandler
                0x0000000008000808                TIM1_TRG_COM_IRQHandler
                0x0000000008000808                DMA1_Channel1_IRQHandler
                0x0000000008000808                Default_Handler
                0x0000000008000808                EXTI15_10_IRQHandler
                0x0000000008000808                TIM7_IRQHandler
                0x0000000008000808                TIM5_IRQHandler
                0x0000000008000808                EXTI9_5_IRQHandler
                0x0000000008000808                SPI2_IRQHandler
                0x0000000008000808                USB_LP_CAN_RX0_IRQHandler
                0x0000000008000808                MemManage_Handler
                0x0000000008000808                SVC_Handler
                0x0000000008000808                DMA1_Channel5_IRQHandler
                0x0000000008000808                DMA1_Channel3_IRQHandler
                0x0000000008000808                FSMC_IRQHandler
                0x0000000008000808                TIM1_UP_IRQHandler
                0x0000000008000808                WWDG_IRQHandler
                0x0000000008000808                TIM2_IRQHandler
                0x0000000008000808                TIM1_BRK_IRQHandler
                0x0000000008000808                RTCAlarm_IRQHandler
                0x0000000008000808                DMA2_Channel4_5_IRQHandler
                0x0000000008000808                USART2_IRQHandler
                0x0000000008000808                I2C2_ER_IRQHandler
                0x0000000008000808                DMA1_Channel2_IRQHandler
                0x0000000008000808                TIM8_BRK_IRQHandler
                0x0000000008000808                FLASH_IRQHandler
                0x0000000008000808                BusFault_Handler
                0x0000000008000808                USART1_IRQHandler
                0x0000000008000808                SPI3_IRQHandler
                0x0000000008000808                I2C1_ER_IRQHandler
                0x0000000008000808                DMA2_Channel3_IRQHandler
 *fill*         0x000000000800080a        0x2 
 .text.__libc_init_array
                0x000000000800080c       0x48 c:/st/stm32cubeide_1.4.0/stm32cubeide/plugins/com.st.stm32cube.ide.mcu.externaltools.gnu-tools-for-stm32.7-2018-q2-update.win32_1.4.0.202007081208/tools/bin/../lib/gcc/arm-none-eabi/7.3.1/../../../../arm-none-eabi/lib/thumb/v7-m\libc_nano.a(lib_a-init.o)
                0x000000000800080c                __libc_init_array
 .text.memcpy   0x0000000008000854       0x16 c:/st/stm32cubeide_1.4.0/stm32cubeide/plugins/com.st.stm32cube.ide.mcu.externaltools.gnu-tools-for-stm32.7-2018-q2-update.win32_1.4.0.202007081208/tools/bin/../lib/gcc/arm-none-eabi/7.3.1/../../../../arm-none-eabi/lib/thumb/v7-m\libc_nano.a(lib_a-memcpy-stub.o)
                0x0000000008000854                memcpy
 *(.glue_7)
 .glue_7        0x000000000800086a        0x0 linker stubs
 *(.glue_7t)
 .glue_7t       0x000000000800086a        0x0 linker stubs
 *(.eh_frame)
 *fill*         0x000000000800086a        0x2 
 .eh_frame      0x000000000800086c        0x0 c:/st/stm32cubeide_1.4.0/stm32cubeide/plugins/com.st.stm32cube.ide.mcu.externaltools.gnu-tools-for-stm32.7-2018-q2-update.win32_1.4.0.202007081208/tools/bin/../lib/gcc/arm-none-eabi/7.3.1/thumb/v7-m/crtbegin.o
 *(.init)
 .init          0x000000000800086c        0x4 c:/st/stm32cubeide_1.4.0/stm32cubeide/plugins/com.st.stm32cube.ide.mcu.externaltools.gnu-tools-for-stm32.7-2018-q2-update.win32_1.4.0.202007081208/tools/bin/../lib/gcc/arm-none-eabi/7.3.1/thumb/v7-m/crti.o
                0x000000000800086c                _init
 .init          0x0000000008000870        0x8 c:/st/stm32cubeide_1.4.0/stm32cubeide/plugins/com.st.stm32cube.ide.mcu.externaltools.gnu-tools-for-stm32.7-2018-q2-update.win32_1.4.0.202007081208/tools/bin/../lib/gcc/arm-none-eabi/7.3.1/thumb/v7-m/crtn.o
 *(.fini)
 .fini          0x0000000008000878        0x4 c:/st/stm32cubeide_1.4.0/stm32cubeide/plugins/com.st.stm32cube.ide.mcu.externaltools.gnu-tools-for-stm32.7-2018-q2-update.win32_1.4.0.202007081208/tools/bin/../lib/gcc/arm-none-eabi/7.3.1/thumb/v7-m/crti.o
                0x0000000008000878                _fini
 .fini          0x000000000800087c        0x8 c:/st/stm32cubeide_1.4.0/stm32cubeide/plugins/com.st.stm32cube.ide.mcu.externaltools.gnu-tools-for-stm32.7-2018-q2-update.win32_1.4.0.202007081208/tools/bin/../lib/gcc/arm-none-eabi/7.3.1/thumb/v7-m/crtn.o
                0x0000000008000884                . = ALIGN (0x4)
                0x0000000008000884                _etext = .

.vfp11_veneer   0x0000000008000884        0x0
 .vfp11_veneer  0x0000000008000884        0x0 linker stubs

.v4_bx          0x0000000008000884        0x0
 .v4_bx         0x0000000008000884        0x0 linker stubs

.iplt           0x0000000008000884        0x0
 .iplt          0x0000000008000884        0x0 c:/st/stm32cubeide_1.4.0/stm32cubeide/plugins/com.st.stm32cube.ide.mcu.externaltools.gnu-tools-for-stm32.7-2018-q2-update.win32_1.4.0.202007081208/tools/bin/../lib/gcc/arm-none-eabi/7.3.1/thumb/v7-m/crtbegin.o

.rodata         0x0000000008000884       0x60
                0x0000000008000884                . = ALIGN (0x4)
 *(.rodata)
 .rodata        0x0000000008000884       0x60 Src/TestLEDMRX.o
 *(.rodata*)
                0x00000000080008e4                . = ALIGN (0x4)

.rel.dyn        0x00000000080008e4        0x0
 .rel.iplt      0x00000000080008e4        0x0 c:/st/stm32cubeide_1.4.0/stm32cubeide/plugins/com.st.stm32cube.ide.mcu.externaltools.gnu-tools-for-stm32.7-2018-q2-update.win32_1.4.0.202007081208/tools/bin/../lib/gcc/arm-none-eabi/7.3.1/thumb/v7-m/crtbegin.o

.ARM.extab      0x00000000080008e4        0x0
                0x00000000080008e4                . = ALIGN (0x4)
 *(.ARM.extab* .gnu.linkonce.armextab.*)
                0x00000000080008e4                . = ALIGN (0x4)

.ARM            0x00000000080008e4        0x0
                0x00000000080008e4                . = ALIGN (0x4)
                0x00000000080008e4                __exidx_start = .
 *(.ARM.exidx*)
                0x00000000080008e4                __exidx_end = .
                0x00000000080008e4                . = ALIGN (0x4)

.preinit_array  0x00000000080008e4        0x0
                0x00000000080008e4                . = ALIGN (0x4)
                0x00000000080008e4                PROVIDE (__preinit_array_start = .)
 *(.preinit_array*)
                0x00000000080008e4                PROVIDE (__preinit_array_end = .)
                0x00000000080008e4                . = ALIGN (0x4)

.init_array     0x00000000080008e4        0x4
                0x00000000080008e4                . = ALIGN (0x4)
                0x00000000080008e4                PROVIDE (__init_array_start = .)
 *(SORT_BY_NAME(.init_array.*))
 *(.init_array*)
 .init_array    0x00000000080008e4        0x4 c:/st/stm32cubeide_1.4.0/stm32cubeide/plugins/com.st.stm32cube.ide.mcu.externaltools.gnu-tools-for-stm32.7-2018-q2-update.win32_1.4.0.202007081208/tools/bin/../lib/gcc/arm-none-eabi/7.3.1/thumb/v7-m/crtbegin.o
                0x00000000080008e8                PROVIDE (__init_array_end = .)
                0x00000000080008e8                . = ALIGN (0x4)

.fini_array     0x00000000080008e8        0x4
                0x00000000080008e8                . = ALIGN (0x4)
                [!provide]                        PROVIDE (__fini_array_start = .)
 *(SORT_BY_NAME(.fini_array.*))
 *(.fini_array*)
 .fini_array    0x00000000080008e8        0x4 c:/st/stm32cubeide_1.4.0/stm32cubeide/plugins/com.st.stm32cube.ide.mcu.externaltools.gnu-tools-for-stm32.7-2018-q2-update.win32_1.4.0.202007081208/tools/bin/../lib/gcc/arm-none-eabi/7.3.1/thumb/v7-m/crtbegin.o
                [!provide]                        PROVIDE (__fini_array_end = .)
                0x00000000080008ec                . = ALIGN (0x4)
                0x00000000080008ec                _sidata = LOADADDR (.data)

.data           0x0000000020000000        0x8 load address 0x00000000080008ec
                0x0000000020000000                . = ALIGN (0x4)
                0x0000000020000000                _sdata = .
 *(.data)
 *(.data*)
 .data.Data_Array
                0x0000000020000000        0x8 Src/TestLEDMRX.o
                0x0000000020000000                Data_Array
                0x0000000020000008                . = ALIGN (0x4)
                0x0000000020000008                _edata = .

.igot.plt       0x0000000020000008        0x0 load address 0x00000000080008f4
 .igot.plt      0x0000000020000008        0x0 c:/st/stm32cubeide_1.4.0/stm32cubeide/plugins/com.st.stm32cube.ide.mcu.externaltools.gnu-tools-for-stm32.7-2018-q2-update.win32_1.4.0.202007081208/tools/bin/../lib/gcc/arm-none-eabi/7.3.1/thumb/v7-m/crtbegin.o
                0x0000000020000008                . = ALIGN (0x4)

.bss            0x0000000020000008       0x38 load address 0x00000000080008f4
                0x0000000020000008                _sbss = .
                0x0000000020000008                __bss_start__ = _sbss
 *(.bss)
 .bss           0x0000000020000008       0x1c c:/st/stm32cubeide_1.4.0/stm32cubeide/plugins/com.st.stm32cube.ide.mcu.externaltools.gnu-tools-for-stm32.7-2018-q2-update.win32_1.4.0.202007081208/tools/bin/../lib/gcc/arm-none-eabi/7.3.1/thumb/v7-m/crtbegin.o
 *(.bss*)
 .bss.EXTI0_pCallBack
                0x0000000020000024        0x4 STM32F103c8_Drivers/MCAL/src/STM32f103xx_EXTI_driver.o
 .bss.EXTI1_pCallBack
                0x0000000020000028        0x4 STM32F103c8_Drivers/MCAL/src/STM32f103xx_EXTI_driver.o
 .bss.EXTI2_pCallBack
                0x000000002000002c        0x4 STM32F103c8_Drivers/MCAL/src/STM32f103xx_EXTI_driver.o
 .bss.EXTI3_pCallBack
                0x0000000020000030        0x4 STM32F103c8_Drivers/MCAL/src/STM32f103xx_EXTI_driver.o
 .bss.EXTI4_pCallBack
                0x0000000020000034        0x4 STM32F103c8_Drivers/MCAL/src/STM32f103xx_EXTI_driver.o
 .bss.STK_u8CheckStatus
                0x0000000020000038        0x1 STM32F103c8_Drivers/MCAL/src/STM32f103xx_SysTick_driver.o
 *(COMMON)
 *fill*         0x0000000020000039        0x3 
 COMMON         0x000000002000003c        0x4 STM32F103c8_Drivers/MCAL/src/STM32f103xx_SysTick_driver.o
                0x000000002000003c                STK_VPtrFun
                0x0000000020000040                . = ALIGN (0x4)
                0x0000000020000040                _ebss = .
                0x0000000020000040                __bss_end__ = _ebss

._user_heap_stack
                0x0000000020000040      0x600 load address 0x00000000080008f4
                0x0000000020000040                . = ALIGN (0x8)
                [!provide]                        PROVIDE (end = .)
                [!provide]                        PROVIDE (_end = .)
                0x0000000020000240                . = (. + _Min_Heap_Size)
 *fill*         0x0000000020000040      0x200 
                0x0000000020000640                . = (. + _Min_Stack_Size)
 *fill*         0x0000000020000240      0x400 
                0x0000000020000640                . = ALIGN (0x8)

/DISCARD/
 libc.a(*)
 libm.a(*)
 libgcc.a(*)

.ARM.attributes
                0x0000000000000000       0x29
 *(.ARM.attributes)
 .ARM.attributes
                0x0000000000000000       0x1d c:/st/stm32cubeide_1.4.0/stm32cubeide/plugins/com.st.stm32cube.ide.mcu.externaltools.gnu-tools-for-stm32.7-2018-q2-update.win32_1.4.0.202007081208/tools/bin/../lib/gcc/arm-none-eabi/7.3.1/thumb/v7-m/crti.o
 .ARM.attributes
                0x000000000000001d       0x2d c:/st/stm32cubeide_1.4.0/stm32cubeide/plugins/com.st.stm32cube.ide.mcu.externaltools.gnu-tools-for-stm32.7-2018-q2-update.win32_1.4.0.202007081208/tools/bin/../lib/gcc/arm-none-eabi/7.3.1/thumb/v7-m/crtbegin.o
 .ARM.attributes
                0x000000000000004a       0x33 STM32F103c8_Drivers/HAL/src/LED_MAX.o
 .ARM.attributes
                0x000000000000007d       0x33 STM32F103c8_Drivers/MCAL/src/STM32f103xx_EXTI_driver.o
 .ARM.attributes
                0x00000000000000b0       0x33 STM32F103c8_Drivers/MCAL/src/STM32f103xx_GPIO_driver.o
 .ARM.attributes
                0x00000000000000e3       0x33 STM32F103c8_Drivers/MCAL/src/STM32f103xx_RCC_driver.o
 .ARM.attributes
                0x0000000000000116       0x33 STM32F103c8_Drivers/MCAL/src/STM32f103xx_SysTick_driver.o
 .ARM.attributes
                0x0000000000000149       0x33 Src/TestLEDMRX.o
 .ARM.attributes
                0x000000000000017c       0x21 Startup/startup_stm32f103c6tx.o
 .ARM.attributes
                0x000000000000019d       0x2d c:/st/stm32cubeide_1.4.0/stm32cubeide/plugins/com.st.stm32cube.ide.mcu.externaltools.gnu-tools-for-stm32.7-2018-q2-update.win32_1.4.0.202007081208/tools/bin/../lib/gcc/arm-none-eabi/7.3.1/../../../../arm-none-eabi/lib/thumb/v7-m\libc_nano.a(lib_a-init.o)
 .ARM.attributes
                0x00000000000001ca       0x2d c:/st/stm32cubeide_1.4.0/stm32cubeide/plugins/com.st.stm32cube.ide.mcu.externaltools.gnu-tools-for-stm32.7-2018-q2-update.win32_1.4.0.202007081208/tools/bin/../lib/gcc/arm-none-eabi/7.3.1/../../../../arm-none-eabi/lib/thumb/v7-m\libc_nano.a(lib_a-memcpy-stub.o)
 .ARM.attributes
                0x00000000000001f7       0x1d c:/st/stm32cubeide_1.4.0/stm32cubeide/plugins/com.st.stm32cube.ide.mcu.externaltools.gnu-tools-for-stm32.7-2018-q2-update.win32_1.4.0.202007081208/tools/bin/../lib/gcc/arm-none-eabi/7.3.1/thumb/v7-m/crtn.o
OUTPUT(STM32F103xx.elf elf32-littlearm)

.debug_info     0x0000000000000000     0x5033
 .debug_info    0x0000000000000000      0xc35 STM32F103c8_Drivers/HAL/src/LED_MAX.o
 .debug_info    0x0000000000000c35     0x1367 STM32F103c8_Drivers/MCAL/src/STM32f103xx_EXTI_driver.o
 .debug_info    0x0000000000001f9c      0xe33 STM32F103c8_Drivers/MCAL/src/STM32f103xx_GPIO_driver.o
 .debug_info    0x0000000000002dcf      0xa7e STM32F103c8_Drivers/MCAL/src/STM32f103xx_RCC_driver.o
 .debug_info    0x000000000000384d      0xc3a STM32F103c8_Drivers/MCAL/src/STM32f103xx_SysTick_driver.o
 .debug_info    0x0000000000004487      0xb8a Src/TestLEDMRX.o
 .debug_info    0x0000000000005011       0x22 Startup/startup_stm32f103c6tx.o

.debug_abbrev   0x0000000000000000      0xb2c
 .debug_abbrev  0x0000000000000000      0x1be STM32F103c8_Drivers/HAL/src/LED_MAX.o
 .debug_abbrev  0x00000000000001be      0x214 STM32F103c8_Drivers/MCAL/src/STM32f103xx_EXTI_driver.o
 .debug_abbrev  0x00000000000003d2      0x218 STM32F103c8_Drivers/MCAL/src/STM32f103xx_GPIO_driver.o
 .debug_abbrev  0x00000000000005ea      0x199 STM32F103c8_Drivers/MCAL/src/STM32f103xx_RCC_driver.o
 .debug_abbrev  0x0000000000000783      0x207 STM32F103c8_Drivers/MCAL/src/STM32f103xx_SysTick_driver.o
 .debug_abbrev  0x000000000000098a      0x190 Src/TestLEDMRX.o
 .debug_abbrev  0x0000000000000b1a       0x12 Startup/startup_stm32f103c6tx.o

.debug_loc      0x0000000000000000     0x1202
 .debug_loc     0x0000000000000000      0x128 STM32F103c8_Drivers/HAL/src/LED_MAX.o
 .debug_loc     0x0000000000000128      0x9f0 STM32F103c8_Drivers/MCAL/src/STM32f103xx_EXTI_driver.o
 .debug_loc     0x0000000000000b18      0x330 STM32F103c8_Drivers/MCAL/src/STM32f103xx_GPIO_driver.o
 .debug_loc     0x0000000000000e48       0x5c STM32F103c8_Drivers/MCAL/src/STM32f103xx_RCC_driver.o
 .debug_loc     0x0000000000000ea4      0x30c STM32F103c8_Drivers/MCAL/src/STM32f103xx_SysTick_driver.o
 .debug_loc     0x00000000000011b0       0x52 Src/TestLEDMRX.o

.debug_aranges  0x0000000000000000      0x298
 .debug_aranges
                0x0000000000000000       0x38 STM32F103c8_Drivers/HAL/src/LED_MAX.o
 .debug_aranges
                0x0000000000000038      0x138 STM32F103c8_Drivers/MCAL/src/STM32f103xx_EXTI_driver.o
 .debug_aranges
                0x0000000000000170       0x60 STM32F103c8_Drivers/MCAL/src/STM32f103xx_GPIO_driver.o
 .debug_aranges
                0x00000000000001d0       0x20 STM32F103c8_Drivers/MCAL/src/STM32f103xx_RCC_driver.o
 .debug_aranges
                0x00000000000001f0       0x60 STM32F103c8_Drivers/MCAL/src/STM32f103xx_SysTick_driver.o
 .debug_aranges
                0x0000000000000250       0x20 Src/TestLEDMRX.o
 .debug_aranges
                0x0000000000000270       0x28 Startup/startup_stm32f103c6tx.o

.debug_ranges   0x0000000000000000      0x230
 .debug_ranges  0x0000000000000000       0x28 STM32F103c8_Drivers/HAL/src/LED_MAX.o
 .debug_ranges  0x0000000000000028      0x128 STM32F103c8_Drivers/MCAL/src/STM32f103xx_EXTI_driver.o
 .debug_ranges  0x0000000000000150       0x50 STM32F103c8_Drivers/MCAL/src/STM32f103xx_GPIO_driver.o
 .debug_ranges  0x00000000000001a0       0x10 STM32F103c8_Drivers/MCAL/src/STM32f103xx_RCC_driver.o
 .debug_ranges  0x00000000000001b0       0x50 STM32F103c8_Drivers/MCAL/src/STM32f103xx_SysTick_driver.o
 .debug_ranges  0x0000000000000200       0x10 Src/TestLEDMRX.o
 .debug_ranges  0x0000000000000210       0x20 Startup/startup_stm32f103c6tx.o

.debug_macro    0x0000000000000000     0x22d0
 .debug_macro   0x0000000000000000      0x162 STM32F103c8_Drivers/HAL/src/LED_MAX.o
 .debug_macro   0x0000000000000162      0xa60 STM32F103c8_Drivers/HAL/src/LED_MAX.o
 .debug_macro   0x0000000000000bc2       0x10 STM32F103c8_Drivers/HAL/src/LED_MAX.o
 .debug_macro   0x0000000000000bd2       0x18 STM32F103c8_Drivers/HAL/src/LED_MAX.o
 .debug_macro   0x0000000000000bea       0x22 STM32F103c8_Drivers/HAL/src/LED_MAX.o
 .debug_macro   0x0000000000000c0c       0x40 STM32F103c8_Drivers/HAL/src/LED_MAX.o
 .debug_macro   0x0000000000000c4c       0x94 STM32F103c8_Drivers/HAL/src/LED_MAX.o
 .debug_macro   0x0000000000000ce0       0x3c STM32F103c8_Drivers/HAL/src/LED_MAX.o
 .debug_macro   0x0000000000000d1c       0x34 STM32F103c8_Drivers/HAL/src/LED_MAX.o
 .debug_macro   0x0000000000000d50       0x16 STM32F103c8_Drivers/HAL/src/LED_MAX.o
 .debug_macro   0x0000000000000d66      0x10e STM32F103c8_Drivers/HAL/src/LED_MAX.o
 .debug_macro   0x0000000000000e74       0x8d STM32F103c8_Drivers/HAL/src/LED_MAX.o
 .debug_macro   0x0000000000000f01       0x57 STM32F103c8_Drivers/HAL/src/LED_MAX.o
 .debug_macro   0x0000000000000f58       0x52 STM32F103c8_Drivers/HAL/src/LED_MAX.o
 .debug_macro   0x0000000000000faa       0x1f STM32F103c8_Drivers/HAL/src/LED_MAX.o
 .debug_macro   0x0000000000000fc9       0x43 STM32F103c8_Drivers/HAL/src/LED_MAX.o
 .debug_macro   0x000000000000100c       0x20 STM32F103c8_Drivers/HAL/src/LED_MAX.o
 .debug_macro   0x000000000000102c      0x1a3 STM32F103c8_Drivers/HAL/src/LED_MAX.o
 .debug_macro   0x00000000000011cf      0x330 STM32F103c8_Drivers/HAL/src/LED_MAX.o
 .debug_macro   0x00000000000014ff       0x16 STM32F103c8_Drivers/HAL/src/LED_MAX.o
 .debug_macro   0x0000000000001515       0x29 STM32F103c8_Drivers/HAL/src/LED_MAX.o
 .debug_macro   0x000000000000153e       0xef STM32F103c8_Drivers/HAL/src/LED_MAX.o
 .debug_macro   0x000000000000162d       0x6a STM32F103c8_Drivers/HAL/src/LED_MAX.o
 .debug_macro   0x0000000000001697      0x1df STM32F103c8_Drivers/HAL/src/LED_MAX.o
 .debug_macro   0x0000000000001876      0x1be STM32F103c8_Drivers/HAL/src/LED_MAX.o
 .debug_macro   0x0000000000001a34       0x22 STM32F103c8_Drivers/HAL/src/LED_MAX.o
 .debug_macro   0x0000000000001a56       0xb2 STM32F103c8_Drivers/HAL/src/LED_MAX.o
 .debug_macro   0x0000000000001b08       0x16 STM32F103c8_Drivers/HAL/src/LED_MAX.o
 .debug_macro   0x0000000000001b1e      0x13e STM32F103c8_Drivers/MCAL/src/STM32f103xx_EXTI_driver.o
 .debug_macro   0x0000000000001c5c       0x76 STM32F103c8_Drivers/MCAL/src/STM32f103xx_EXTI_driver.o
 .debug_macro   0x0000000000001cd2      0x13e STM32F103c8_Drivers/MCAL/src/STM32f103xx_GPIO_driver.o
 .debug_macro   0x0000000000001e10      0x13e STM32F103c8_Drivers/MCAL/src/STM32f103xx_RCC_driver.o
 .debug_macro   0x0000000000001f4e       0x70 STM32F103c8_Drivers/MCAL/src/STM32f103xx_RCC_driver.o
 .debug_macro   0x0000000000001fbe      0x13e STM32F103c8_Drivers/MCAL/src/STM32f103xx_SysTick_driver.o
 .debug_macro   0x00000000000020fc      0x15e Src/TestLEDMRX.o
 .debug_macro   0x000000000000225a       0x76 Src/TestLEDMRX.o

.debug_line     0x0000000000000000     0x291d
 .debug_line    0x0000000000000000      0x798 STM32F103c8_Drivers/HAL/src/LED_MAX.o
 .debug_line    0x0000000000000798      0x89d STM32F103c8_Drivers/MCAL/src/STM32f103xx_EXTI_driver.o
 .debug_line    0x0000000000001035      0x6b5 STM32F103c8_Drivers/MCAL/src/STM32f103xx_GPIO_driver.o
 .debug_line    0x00000000000016ea      0x57f STM32F103c8_Drivers/MCAL/src/STM32f103xx_RCC_driver.o
 .debug_line    0x0000000000001c69      0x649 STM32F103c8_Drivers/MCAL/src/STM32f103xx_SysTick_driver.o
 .debug_line    0x00000000000022b2      0x5e7 Src/TestLEDMRX.o
 .debug_line    0x0000000000002899       0x84 Startup/startup_stm32f103c6tx.o

.debug_str      0x0000000000000000     0x89f7
 .debug_str     0x0000000000000000     0x7dd2 STM32F103c8_Drivers/HAL/src/LED_MAX.o
                                       0x8033 (size before relaxing)
 .debug_str     0x0000000000007dd2      0x691 STM32F103c8_Drivers/MCAL/src/STM32f103xx_EXTI_driver.o
                                       0x80a7 (size before relaxing)
 .debug_str     0x0000000000008463      0x1b8 STM32F103c8_Drivers/MCAL/src/STM32f103xx_GPIO_driver.o
                                       0x804c (size before relaxing)
 .debug_str     0x000000000000861b      0x211 STM32F103c8_Drivers/MCAL/src/STM32f103xx_RCC_driver.o
                                       0x7c73 (size before relaxing)
 .debug_str     0x000000000000882c      0x167 STM32F103c8_Drivers/MCAL/src/STM32f103xx_SysTick_driver.o
                                       0x7be5 (size before relaxing)
 .debug_str     0x0000000000008993       0x33 Src/TestLEDMRX.o
                                       0x80b6 (size before relaxing)
 .debug_str     0x00000000000089c6       0x31 Startup/startup_stm32f103c6tx.o
                                         0x6f (size before relaxing)

.comment        0x0000000000000000       0x7b
 .comment       0x0000000000000000       0x7b STM32F103c8_Drivers/HAL/src/LED_MAX.o
                                         0x7c (size before relaxing)
 .comment       0x000000000000007b       0x7c STM32F103c8_Drivers/MCAL/src/STM32f103xx_EXTI_driver.o
 .comment       0x000000000000007b       0x7c STM32F103c8_Drivers/MCAL/src/STM32f103xx_GPIO_driver.o
 .comment       0x000000000000007b       0x7c STM32F103c8_Drivers/MCAL/src/STM32f103xx_RCC_driver.o
 .comment       0x000000000000007b       0x7c STM32F103c8_Drivers/MCAL/src/STM32f103xx_SysTick_driver.o
 .comment       0x000000000000007b       0x7c Src/TestLEDMRX.o

.debug_frame    0x0000000000000000      0x930
 .debug_frame   0x0000000000000000       0x9c STM32F103c8_Drivers/HAL/src/LED_MAX.o
 .debug_frame   0x000000000000009c      0x4f0 STM32F103c8_Drivers/MCAL/src/STM32f103xx_EXTI_driver.o
 .debug_frame   0x000000000000058c      0x178 STM32F103c8_Drivers/MCAL/src/STM32f103xx_GPIO_driver.o
 .debug_frame   0x0000000000000704       0x38 STM32F103c8_Drivers/MCAL/src/STM32f103xx_RCC_driver.o
 .debug_frame   0x000000000000073c      0x16c STM32F103c8_Drivers/MCAL/src/STM32f103xx_SysTick_driver.o
 .debug_frame   0x00000000000008a8       0x34 Src/TestLEDMRX.o
 .debug_frame   0x00000000000008dc       0x2c c:/st/stm32cubeide_1.4.0/stm32cubeide/plugins/com.st.stm32cube.ide.mcu.externaltools.gnu-tools-for-stm32.7-2018-q2-update.win32_1.4.0.202007081208/tools/bin/../lib/gcc/arm-none-eabi/7.3.1/../../../../arm-none-eabi/lib/thumb/v7-m\libc_nano.a(lib_a-init.o)
 .debug_frame   0x0000000000000908       0x28 c:/st/stm32cubeide_1.4.0/stm32cubeide/plugins/com.st.stm32cube.ide.mcu.externaltools.gnu-tools-for-stm32.7-2018-q2-update.win32_1.4.0.202007081208/tools/bin/../lib/gcc/arm-none-eabi/7.3.1/../../../../arm-none-eabi/lib/thumb/v7-m\libc_nano.a(lib_a-memcpy-stub.o)
