STM32f103xx_SysTick_driver.c:20:6:MSTK_enuInit	24	static
STM32f103xx_SysTick_driver.c:46:6:MSTK_enuSetBusyWait	24	static
STM32f103xx_SysTick_driver.c:68:6:MSTK_enuSetIntervalSingle	24	static
STM32f103xx_SysTick_driver.c:97:6:MSTK_enuSetIntervalPeriodic	24	static
STM32f103xx_SysTick_driver.c:125:6:MSTK_enuStopInterval	16	static
STM32f103xx_SysTick_driver.c:143:6:MSTK_enuGetElapsedTime	24	static
STM32f103xx_SysTick_driver.c:162:6:MSTK_enuGetRemainigTime	24	static
STM32f103xx_SysTick_driver.c:180:6:_delay_ms	16	static
STM32f103xx_SysTick_driver.c:194:6:SysTick_Handler	8	static
