STM32f103xx_EXTI_driver.c:39:7:EXTI_enuInitConfig	24	static
STM32f103xx_EXTI_driver.c:113:7:EXTI_enuEnableMask	24	static
STM32f103xx_EXTI_driver.c:130:7:EXTI_enuDisableMask	24	static
STM32f103xx_EXTI_driver.c:148:7:EXTI_enuSoftWareTrigger	24	static
STM32f103xx_EXTI_driver.c:168:7:EXTI0_enuCallBack	24	static
STM32f103xx_EXTI_driver.c:178:6:EXTI0_IRQHandler	8	static
STM32f103xx_EXTI_driver.c:184:7:EXTI1_enuCallBack	24	static
STM32f103xx_EXTI_driver.c:194:6:EXTI1_IRQHandler	8	static
STM32f103xx_EXTI_driver.c:200:7:EXTI2_enuCallBack	24	static
STM32f103xx_EXTI_driver.c:210:6:EXTI2_IRQHandler	8	static
STM32f103xx_EXTI_driver.c:216:7:EXTI3_enuCallBack	24	static
STM32f103xx_EXTI_driver.c:226:6:EXTI3_IRQHandler	8	static
STM32f103xx_EXTI_driver.c:232:7:EXTI4_enuCallBack	24	static
STM32f103xx_EXTI_driver.c:242:6:EXTI4_IRQHandler	8	static
STM32f103xx_EXTI_driver.c:248:7:EXTI5_enuCallBack	24	static
STM32f103xx_EXTI_driver.c:259:6:EXTI5_IRQHandler	8	static
STM32f103xx_EXTI_driver.c:265:7:EXTI6_enuCallBack	24	static
STM32f103xx_EXTI_driver.c:275:6:EXTI6_IRQHandler	8	static
STM32f103xx_EXTI_driver.c:281:7:EXTI7_enuCallBack	24	static
STM32f103xx_EXTI_driver.c:291:6:EXTI7_IRQHandler	8	static
STM32f103xx_EXTI_driver.c:297:7:EXTI8_enuCallBack	24	static
STM32f103xx_EXTI_driver.c:307:6:EXTI8_IRQHandler	8	static
STM32f103xx_EXTI_driver.c:313:7:EXTI9_enuCallBack	24	static
STM32f103xx_EXTI_driver.c:323:6:EXTI9_IRQHandler	8	static
STM32f103xx_EXTI_driver.c:329:7:EXTI10_enuCallBack	24	static
STM32f103xx_EXTI_driver.c:339:6:EXTI10_IRQHandler	8	static
STM32f103xx_EXTI_driver.c:345:7:EXTI11_enuCallBack	24	static
STM32f103xx_EXTI_driver.c:355:6:EXTI11_IRQHandler	8	static
STM32f103xx_EXTI_driver.c:361:7:EXTI12_enuCallBack	24	static
STM32f103xx_EXTI_driver.c:371:6:EXTI12_IRQHandler	8	static
STM32f103xx_EXTI_driver.c:377:7:EXTI13_enuCallBack	24	static
STM32f103xx_EXTI_driver.c:387:6:EXTI13_IRQHandler	8	static
STM32f103xx_EXTI_driver.c:393:7:EXTI14_enuCallBack	24	static
STM32f103xx_EXTI_driver.c:403:6:EXTI14_IRQHandler	8	static
STM32f103xx_EXTI_driver.c:409:7:EXTI15_enuCallBack	24	static
STM32f103xx_EXTI_driver.c:419:6:EXTI15_IRQHandler	8	static
